Component: Arm Compiler for Embedded 6.18 Tool: armlink [5e4cc100]

==============================================================================

Section Cross References

    startup_stm32f405xx.o(STACK) refers (Special) to heapauxi.o(.text) for __use_two_region_memory
    startup_stm32f405xx.o(HEAP) refers (Special) to heapauxi.o(.text) for __use_two_region_memory
    startup_stm32f405xx.o(RESET) refers (Special) to heapauxi.o(.text) for __use_two_region_memory
    startup_stm32f405xx.o(RESET) refers to startup_stm32f405xx.o(STACK) for __initial_sp
    startup_stm32f405xx.o(RESET) refers to startup_stm32f405xx.o(.text) for Reset_Handler
    startup_stm32f405xx.o(RESET) refers to stm32f4xx_it.o(.text.NMI_Handler) for NMI_Handler
    startup_stm32f405xx.o(RESET) refers to stm32f4xx_it.o(.text.HardFault_Handler) for HardFault_Handler
    startup_stm32f405xx.o(RESET) refers to stm32f4xx_it.o(.text.MemManage_Handler) for MemManage_Handler
    startup_stm32f405xx.o(RESET) refers to stm32f4xx_it.o(.text.BusFault_Handler) for BusFault_Handler
    startup_stm32f405xx.o(RESET) refers to stm32f4xx_it.o(.text.UsageFault_Handler) for UsageFault_Handler
    startup_stm32f405xx.o(RESET) refers to port.o(.text.SVC_Handler) for SVC_Handler
    startup_stm32f405xx.o(RESET) refers to stm32f4xx_it.o(.text.DebugMon_Handler) for DebugMon_Handler
    startup_stm32f405xx.o(RESET) refers to port.o(.text.PendSV_Handler) for PendSV_Handler
    startup_stm32f405xx.o(RESET) refers to cmsis_os2.o(.text.SysTick_Handler) for SysTick_Handler
    startup_stm32f405xx.o(RESET) refers to stm32f4xx_it.o(.text.CAN1_RX0_IRQHandler) for CAN1_RX0_IRQHandler
    startup_stm32f405xx.o(RESET) refers to stm32f4xx_it.o(.text.CAN1_RX1_IRQHandler) for CAN1_RX1_IRQHandler
    startup_stm32f405xx.o(RESET) refers to stm32f4xx_it.o(.text.TIM1_UP_TIM10_IRQHandler) for TIM1_UP_TIM10_IRQHandler
    startup_stm32f405xx.o(RESET) refers to stm32f4xx_it.o(.text.TIM2_IRQHandler) for TIM2_IRQHandler
    startup_stm32f405xx.o(RESET) refers to stm32f4xx_it.o(.text.USART1_IRQHandler) for USART1_IRQHandler
    startup_stm32f405xx.o(RESET) refers to stm32f4xx_it.o(.text.EXTI15_10_IRQHandler) for EXTI15_10_IRQHandler
    startup_stm32f405xx.o(RESET) refers to stm32f4xx_it.o(.text.DMA2_Stream2_IRQHandler) for DMA2_Stream2_IRQHandler
    startup_stm32f405xx.o(RESET) refers to stm32f4xx_it.o(.text.DMA2_Stream7_IRQHandler) for DMA2_Stream7_IRQHandler
    startup_stm32f405xx.o(.text) refers (Special) to heapauxi.o(.text) for __use_two_region_memory
    startup_stm32f405xx.o(.text) refers to system_stm32f4xx.o(.text.SystemInit) for SystemInit
    startup_stm32f405xx.o(.text) refers to __main.o(!!!main) for __main
    startup_stm32f405xx.o(.text) refers to startup_stm32f405xx.o(HEAP) for Heap_Mem
    startup_stm32f405xx.o(.text) refers to startup_stm32f405xx.o(STACK) for Stack_Mem
    main.o(.text.main) refers to stm32f4xx_hal.o(.text.HAL_Init) for HAL_Init
    main.o(.text.main) refers to main.o(.text.SystemClock_Config) for SystemClock_Config
    main.o(.text.main) refers to gpio.o(.text.MX_GPIO_Init) for MX_GPIO_Init
    main.o(.text.main) refers to dma.o(.text.MX_DMA_Init) for MX_DMA_Init
    main.o(.text.main) refers to tim.o(.text.MX_TIM2_Init) for MX_TIM2_Init
    main.o(.text.main) refers to tim.o(.text.MX_TIM3_Init) for MX_TIM3_Init
    main.o(.text.main) refers to usart.o(.text.MX_USART1_UART_Init) for MX_USART1_UART_Init
    main.o(.text.main) refers to can.o(.text.MX_CAN1_Init) for MX_CAN1_Init
    main.o(.text.main) refers to beep.o(.text.BEEP_INIT) for BEEP_INIT
    main.o(.text.main) refers to led_breath.o(.text.BREATH_Init) for BREATH_Init
    main.o(.text.main) refers to uart_irqhandler.o(.text.UART_Start_Receive) for UART_Start_Receive
    main.o(.text.main) refers to cmsis_os2.o(.text.osKernelInitialize) for osKernelInitialize
    main.o(.text.main) refers to freertos.o(.text.MX_FREERTOS_Init) for MX_FREERTOS_Init
    main.o(.text.main) refers to cmsis_os2.o(.text.osKernelStart) for osKernelStart
    main.o(.ARM.exidx.text.main) refers to main.o(.text.main) for [Anonymous Symbol]
    main.o(.text.SystemClock_Config) refers to rt_memclr_w.o(.text) for __aeabi_memclr4
    main.o(.text.SystemClock_Config) refers to stm32f4xx_hal_rcc.o(.text.HAL_RCC_OscConfig) for HAL_RCC_OscConfig
    main.o(.text.SystemClock_Config) refers to stm32f4xx_hal_rcc.o(.text.HAL_RCC_ClockConfig) for HAL_RCC_ClockConfig
    main.o(.ARM.exidx.text.SystemClock_Config) refers to main.o(.text.SystemClock_Config) for [Anonymous Symbol]
    main.o(.ARM.exidx.text.Error_Handler) refers to main.o(.text.Error_Handler) for [Anonymous Symbol]
    main.o(.text.HAL_TIM_PeriodElapsedCallback) refers to stm32f4xx_hal.o(.text.HAL_IncTick) for HAL_IncTick
    main.o(.text.HAL_TIM_PeriodElapsedCallback) refers to tim_irqhandler.o(.text.TIM_PeriodElapsedCallback) for TIM_PeriodElapsedCallback
[...]
    xFreeBytesRemaining                      0x20004bac   Data           4  heap_4.o(.bss.xFreeBytesRemaining)
    [Anonymous Symbol]                       0x20004bac   Section        0  heap_4.o(.bss.xFreeBytesRemaining)
    xIdleTaskHandle                          0x20004bb0   Data           4  tasks.o(.bss.xIdleTaskHandle)
    [Anonymous Symbol]                       0x20004bb0   Section        0  tasks.o(.bss.xIdleTaskHandle)
    xMinimumEverFreeBytesRemaining           0x20004bb4   Data           4  heap_4.o(.bss.xMinimumEverFreeBytesRemaining)
    [Anonymous Symbol]                       0x20004bb4   Section        0  heap_4.o(.bss.xMinimumEverFreeBytesRemaining)
    xNextTaskUnblockTime                     0x20004bb8   Data           4  tasks.o(.bss.xNextTaskUnblockTime)
    [Anonymous Symbol]                       0x20004bb8   Section        0  tasks.o(.bss.xNextTaskUnblockTime)
    xNumOfOverflows                          0x20004bbc   Data           4  tasks.o(.bss.xNumOfOverflows)
    [Anonymous Symbol]                       0x20004bbc   Section        0  tasks.o(.bss.xNumOfOverflows)
    xNumberOfSuccessfulAllocations           0x20004bc0   Data           4  heap_4.o(.bss.xNumberOfSuccessfulAllocations)
    [Anonymous Symbol]                       0x20004bc0   Section        0  heap_4.o(.bss.xNumberOfSuccessfulAllocations)
    xNumberOfSuccessfulFrees                 0x20004bc4   Data           4  heap_4.o(.bss.xNumberOfSuccessfulFrees)
    [Anonymous Symbol]                       0x20004bc4   Section        0  heap_4.o(.bss.xNumberOfSuccessfulFrees)
    xPendedTicks                             0x20004bc8   Data           4  tasks.o(.bss.xPendedTicks)
    [Anonymous Symbol]                       0x20004bc8   Section        0  tasks.o(.bss.xPendedTicks)
    xPendingReadyList                        0x20004bcc   Data          20  tasks.o(.bss.xPendingReadyList)
    [Anonymous Symbol]                       0x20004bcc   Section        0  tasks.o(.bss.xPendingReadyList)
    xSchedulerRunning                        0x20004c20   Data           4  tasks.o(.bss.xSchedulerRunning)
    [Anonymous Symbol]                       0x20004c20   Section        0  tasks.o(.bss.xSchedulerRunning)
    xStart                                   0x20004c24   Data           8  heap_4.o(.bss.xStart)
    [Anonymous Symbol]                       0x20004c24   Section        0  heap_4.o(.bss.xStart)
    xSuspendedTaskList                       0x20004c2c   Data          20  tasks.o(.bss.xSuspendedTaskList)
    [Anonymous Symbol]                       0x20004c2c   Section        0  tasks.o(.bss.xSuspendedTaskList)
    xTasksWaitingTermination                 0x20004c40   Data          20  tasks.o(.bss.xTasksWaitingTermination)
    [Anonymous Symbol]                       0x20004c40   Section        0  tasks.o(.bss.xTasksWaitingTermination)
    xTickCount                               0x20004c54   Data           4  tasks.o(.bss.xTickCount)
    [Anonymous Symbol]                       0x20004c54   Section        0  tasks.o(.bss.xTickCount)
    xTimerQueue                              0x20004c58   Data           4  timers.o(.bss.xTimerQueue)
    [Anonymous Symbol]                       0x20004c58   Section        0  timers.o(.bss.xTimerQueue)
    xTimerTaskHandle                         0x20004c5c   Data           4  timers.o(.bss.xTimerTaskHandle)
    [Anonymous Symbol]                       0x20004c5c   Section        0  timers.o(.bss.xTimerTaskHandle)
    xYieldPending                            0x20004c60   Data           4  tasks.o(.bss.xYieldPending)
    [Anonymous Symbol]                       0x20004c60   Section        0  tasks.o(.bss.xYieldPending)
    Heap_Mem                                 0x20004c68   Data        2048  startup_stm32f405xx.o(HEAP)
    HEAP                                     0x20004c68   Section     2048  startup_stm32f405xx.o(HEAP)
    Stack_Mem                                0x20005468   Data        1024  startup_stm32f405xx.o(STACK)
    STACK                                    0x20005468   Section     1024  startup_stm32f405xx.o(STACK)
    __initial_sp                             0x20005868   Data           0  startup_stm32f405xx.o(STACK)

    Global Symbols

    Symbol Name                              Value     Ov Type        Size  Object(Section)

    BuildAttributes$$THM_ISAv4$E$P$D$K$B$S$7EM$VFPi3$EXTD16$VFPS$VFMA$PE$A:L22UL41UL21$X:L11$S22US41US21$IEEE1$IW$~IW$USESV6$~STKCKD$USESV7$~SHL$OTIME$ROPI$EBA8$UX$STANDARDLIB$REQ8$PRES8$EABIv2 0x00000000   Number         0  anon$$obj.o ABSOLUTE
    __ARM_exceptions_init                     - Undefined Weak Reference
    __alloca_initialize                       - Undefined Weak Reference
    __arm_preinit_                            - Undefined Weak Reference
    __arm_relocate_pie_                       - Undefined Weak Reference
    __cpp_initialize__aeabi_                  - Undefined Weak Reference
    __cxa_finalize                            - Undefined Weak Reference
    __rt_locale                               - Undefined Weak Reference
    __sigvec_lookup                           - Undefined Weak Reference
    _atexit_init                              - Undefined Weak Reference
    _call_atexit_fns                          - Undefined Weak Reference
    _clock_init                               - Undefined Weak Reference
    _fp_trap_init                             - Undefined Weak Reference
    _fp_trap_shutdown                         - Undefined Weak Reference
    _get_lc_collate                           - Undefined Weak Reference
    _get_lc_ctype                             - Undefined Weak Reference
    _get_lc_monetary                          - Undefined Weak Reference
    _get_lc_numeric                           - Undefined Weak Reference
    _get_lc_time                              - Undefined Weak Reference
    _getenv_init                              - Undefined Weak Reference
    _handle_redirection                       - Undefined Weak Reference
    _init_alloc                               - Undefined Weak Reference
    _init_user_alloc                          - Undefined Weak Reference
    _initio                                   - Undefined Weak Reference
    _rand_init                                - Undefined Weak Reference
    _signal_finish                            - Undefined Weak Reference
    _signal_init                              - Undefined Weak Reference
    _terminate_alloc                          - Undefined Weak Reference
    _terminate_user_alloc                     - Undefined Weak Reference
    _terminateio                              - Undefined Weak Reference
    __Vectors_Size                           0x00000188   Number         0  startup_stm32f405xx.o ABSOLUTE
    __Vectors                                0x08000000   Data           4  startup_stm32f405xx.o(RESET)
    __Vectors_End                            0x08000188   Data           0  startup_stm32f405xx.o(RESET)
    __main                                   0x08000189   Thumb Code     8  __main.o(!!!main)
    __scatterload                            0x08000191   Thumb Code     0  __scatter.o(!!!scatter)
    __scatterload_rt2                        0x08000191   Thumb Code    44  __scatter.o(!!!scatter)
    __scatterload_rt2_thumb_only             0x08000191   Thumb Code     0  __scatter.o(!!!scatter)
    __scatterload_null                       0x0800019f   Thumb Code     0  __scatter.o(!!!scatter)
    __scatterload_copy                       0x080001c5   Thumb Code    26  __scatter_copy.o(!!handler_copy)
    __scatterload_zeroinit                   0x080001e1   Thumb Code    28  __scatter_zi.o(!!handler_zi)
    __rt_lib_init                            0x080001fd   Thumb Code     0  libinit.o(.ARM.Collect$$libinit$$00000000)
    __rt_lib_init_fp_1                       0x080001ff   Thumb Code     0  libinit2.o(.ARM.Collect$$libinit$$00000001)
    __rt_lib_init_alloca_1                   0x08000203   Thumb Code     0  libinit2.o(.ARM.Collect$$libinit$$00000030)
    __rt_lib_init_argv_1                     0x08000203   Thumb Code     0  libinit2.o(.ARM.Collect$$libinit$$0000002E)
    __rt_lib_init_atexit_1                   0x08000203   Thumb Code     0  libinit2.o(.ARM.Collect$$libinit$$0000001D)
    __rt_lib_init_clock_1                    0x08000203   Thumb Code     0  libinit2.o(.ARM.Collect$$libinit$$00000023)
    __rt_lib_init_cpp_1                      0x08000203   Thumb Code     0  libinit2.o(.ARM.Collect$$libinit$$00000034)
    __rt_lib_init_exceptions_1               0x08000203   Thumb Code     0  libinit2.o(.ARM.Collect$$libinit$$00000032)
    __rt_lib_init_fp_trap_1                  0x08000203   Thumb Code     0  libinit2.o(.ARM.Collect$$libinit$$00000021)
    __rt_lib_init_getenv_1                   0x08000203   Thumb Code     0  libinit2.o(.ARM.Collect$$libinit$$00000025)
    __rt_lib_init_heap_1                     0x08000203   Thumb Code     0  libinit2.o(.ARM.Collect$$libinit$$0000000C)
    __rt_lib_init_lc_collate_1               0x08000203   Thumb Code     0  libinit2.o(.ARM.Collect$$libinit$$00000013)
    __rt_lib_init_lc_ctype_1                 0x08000203   Thumb Code     0  libinit2.o(.ARM.Collect$$libinit$$00000015)
    __rt_lib_init_lc_monetary_1              0x08000203   Thumb Code     0  libinit2.o(.ARM.Collect$$libinit$$00000017)
    __rt_lib_init_lc_numeric_1               0x08000203   Thumb Code     0  libinit2.o(.ARM.Collect$$libinit$$00000019)
    __rt_lib_init_lc_time_1                  0x08000203   Thumb Code     0  libinit2.o(.ARM.Collect$$libinit$$0000001B)
    __rt_lib_init_preinit_1                  0x08000203   Thumb Code     0  libinit2.o(.ARM.Collect$$libinit$$00000006)
    __rt_lib_init_rand_1                     0x08000203   Thumb Code     0  libinit2.o(.ARM.Collect$$libinit$$00000010)
    __rt_lib_init_relocate_pie_1             0x08000203   Thumb Code     0  libinit2.o(.ARM.Collect$$libinit$$00000004)
    __rt_lib_init_return                     0x08000203   Thumb Code     0  libinit2.o(.ARM.Collect$$libinit$$00000035)
    __rt_lib_init_signal_1                   0x08000203   Thumb Code     0  libinit2.o(.ARM.Collect$$libinit$$0000001F)
    __rt_lib_init_stdio_1                    0x08000203   Thumb Code     0  libinit2.o(.ARM.Collect$$libinit$$00000027)
    __rt_lib_init_user_alloc_1               0x08000203   Thumb Code     0  libinit2.o(.ARM.Collect$$libinit$$0000000E)
    __rt_lib_shutdown                        0x08000205   Thumb Code     0  libshutdown.o(.ARM.Collect$$libshutdown$$00000000)
    __rt_lib_shutdown_cpp_1                  0x08000207   Thumb Code     0  libshutdown2.o(.ARM.Collect$$libshutdown$$00000002)
    __rt_lib_shutdown_fp_trap_1              0x08000207   Thumb Code     0  libshutdown2.o(.ARM.Collect$$libshutdown$$00000007)
    __rt_lib_shutdown_heap_1                 0x08000207   Thumb Code     0  libshutdown2.o(.ARM.Collect$$libshutdown$$0000000F)
    __rt_lib_shutdown_return                 0x08000207   Thumb Code     0  libshutdown2.o(.ARM.Collect$$libshutdown$$00000010)
    __rt_lib_shutdown_signal_1               0x08000207   Thumb Code     0  libshutdown2.o(.ARM.Collect$$libshutdown$$0000000A)
    __rt_lib_shutdown_stdio_1                0x08000207   Thumb Code     0  libshutdown2.o(.ARM.Collect$$libshutdown$$00000004)
    __rt_lib_shutdown_user_alloc_1           0x08000207   Thumb Code     0  libshutdown2.o(.ARM.Collect$$libshutdown$$0000000C)
    __rt_entry                               0x08000209   Thumb Code     0  __rtentry.o(.ARM.Collect$$rtentry$$00000000)
    __rt_entry_presh_1                       0x08000209   Thumb Code     0  __rtentry2.o(.ARM.Collect$$rtentry$$00000002)
    __rt_entry_sh                            0x08000209   Thumb Code     0  __rtentry4.o(.ARM.Collect$$rtentry$$00000004)
    __rt_entry_li                            0x0800020f   Thumb Code     0  __rtentry2.o(.ARM.Collect$$rtentry$$0000000A)
    __rt_entry_postsh_1                      0x0800020f   Thumb Code     0  __rtentry2.o(.ARM.Collect$$rtentry$$00000009)
    __rt_entry_main                          0x08000213   Thumb Code     0  __rtentry2.o(.ARM.Collect$$rtentry$$0000000D)
    __rt_entry_postli_1                      0x08000213   Thumb Code     0  __rtentry2.o(.ARM.Collect$$rtentry$$0000000C)
    __rt_exit                                0x0800021b   Thumb Code     0  rtexit.o(.ARM.Collect$$rtexit$$00000000)
    __rt_exit_ls                             0x0800021d   Thumb Code     0  rtexit2.o(.ARM.Collect$$rtexit$$00000003)
    __rt_exit_prels_1                        0x0800021d   Thumb Code     0  rtexit2.o(.ARM.Collect$$rtexit$$00000002)
    __rt_exit_exit                           0x08000221   Thumb Code     0  rtexit2.o(.ARM.Collect$$rtexit$$00000004)
    Reset_Handler                            0x08000229   Thumb Code     8  startup_stm32f405xx.o(.text)
    ADC_IRQHandler                           0x08000243   Thumb Code     0  startup_stm32f405xx.o(.text)
    CAN1_SCE_IRQHandler                      0x08000243   Thumb Code     0  startup_stm32f405xx.o(.text)
    CAN1_TX_IRQHandler                       0x08000243   Thumb Code     0  startup_stm32f405xx.o(.text)
    CAN2_RX0_IRQHandler                      0x08000243   Thumb Code     0  startup_stm32f405xx.o(.text)
    CAN2_RX1_IRQHandler                      0x08000243   Thumb Code     0  startup_stm32f405xx.o(.text)
    CAN2_SCE_IRQHandler                      0x08000243   Thumb Code     0  startup_stm32f405xx.o(.text)
    CAN2_TX_IRQHandler                       0x08000243   Thumb Code     0  startup_stm32f405xx.o(.text)
    DMA1_Stream0_IRQHandler                  0x08000243   Thumb Code     0  startup_stm32f405xx.o(.text)
    DMA1_Stream1_IRQHandler                  0x08000243   Thumb Code     0  startup_stm32f405xx.o(.text)
    DMA1_Stream2_IRQHandler                  0x08000243   Thumb Code     0  startup_stm32f405xx.o(.text)
    DMA1_Stream3_IRQHandler                  0x08000243   Thumb Code     0  startup_stm32f405xx.o(.text)
    DMA1_Stream4_IRQHandler                  0x08000243   Thumb Code     0  startup_stm32f405xx.o(.text)
    DMA1_Stream5_IRQHandler                  0x08000243   Thumb Code     0  startup_stm32f405xx.o(.text)
    DMA1_Stream6_IRQHandler                  0x08000243   Thumb Code     0  startup_stm32f405xx.o(.text)
    DMA1_Stream7_IRQHandler                  0x08000243   Thumb Code     0  startup_stm32f405xx.o(.text)
    DMA2_Stream0_IRQHandler                  0x08000243   Thumb Code     0  startup_stm32f405xx.o(.text)
    DMA2_Stream1_IRQHandler                  0x08000243   Thumb Code     0  startup_stm32f405xx.o(.text)
    DMA2_Stream3_IRQHandler                  0x08000243   Thumb Code     0  startup_stm32f405xx.o(.text)
    DMA2_Stream4_IRQHandler                  0x08000243   Thumb Code     0  startup_stm32f405xx.o(.text)
    DMA2_Stream5_IRQHandler                  0x08000243   Thumb Code     0  startup_stm32f405xx.o(.text)
    DMA2_Stream6_IRQHandler                  0x08000243   Thumb Code     0  startup_stm32f405xx.o(.text)
    EXTI0_IRQHandler                         0x08000243   Thumb Code     0  startup_stm32f405xx.o(.text)
    EXTI1_IRQHandler                         0x08000243   Thumb Code     0  startup_stm32f405xx.o(.text)
    EXTI2_IRQHandler                         0x08000243   Thumb Code     0  startup_stm32f405xx.o(.text)
    EXTI3_IRQHandler                         0x08000243   Thumb Code     0  startup_stm32f405xx.o(.text)
    EXTI4_IRQHandler                         0x08000243   Thumb Code     0  startup_stm32f405xx.o(.text)
    EXTI9_5_IRQHandler                       0x08000243   Thumb Code     0  startup_stm32f405xx.o(.text)
    FLASH_IRQHandler                         0x08000243   Thumb Code     0  startup_stm32f405xx.o(.text)
    FMC_IRQHandler                           0x08000243   Thumb Code     0  startup_stm32f405xx.o(.text)
    FPU_IRQHandler                           0x08000243   Thumb Code     0  startup_stm32f405xx.o(.text)
    HASH_RNG_IRQHandler                      0x08000243   Thumb Code     0  startup_stm32f405xx.o(.text)
    I2C1_ER_IRQHandler                       0x08000243   Thumb Code     0  startup_stm32f405xx.o(.text)
    I2C1_EV_IRQHandler                       0x08000243   Thumb Code     0  startup_stm32f405xx.o(.text)
    I2C2_ER_IRQHandler                       0x08000243   Thumb Code     0  startup_stm32f405xx.o(.text)
    I2C2_EV_IRQHandler                       0x08000243   Thumb Code     0  startup_stm32f405xx.o(.text)
    I2C3_ER_IRQHandler                       0x08000243   Thumb Code     0  startup_stm32f405xx.o(.text)
    I2C3_EV_IRQHandler                       0x08000243   Thumb Code     0  startup_stm32f405xx.o(.text)
    OTG_FS_IRQHandler                        0x08000243   Thumb Code     0  startup_stm32f405xx.o(.text)
    OTG_FS_WKUP_IRQHandler                   0x08000243   Thumb Code     0  startup_stm32f405xx.o(.text)
    OTG_HS_EP1_IN_IRQHandler                 0x08000243   Thumb Code     0  startup_stm32f405xx.o(.text)
    OTG_HS_EP1_OUT_IRQHandler                0x08000243   Thumb Code     0  startup_stm32f405xx.o(.text)
    OTG_HS_IRQHandler                        0x08000243   Thumb Code     0  startup_stm32f405xx.o(.text)
    OTG_HS_WKUP_IRQHandler                   0x08000243   Thumb Code     0  startup_stm32f405xx.o(.text)
    PVD_IRQHandler                           0x08000243   Thumb Code     0  startup_stm32f405xx.o(.text)
    RCC_IRQHandler                           0x08000243   Thumb Code     0  startup_stm32f405xx.o(.text)
    RTC_Alarm_IRQHandler                     0x08000243   Thumb Code     0  startup_stm32f405xx.o(.text)
    RTC_WKUP_IRQHandler                      0x08000243   Thumb Code     0  startup_stm32f405xx.o(.text)
    SDIO_IRQHandler                          0x08000243   Thumb Code     0  startup_stm32f405xx.o(.text)
    SPI1_IRQHandler                          0x08000243   Thumb Code     0  startup_stm32f405xx.o(.text)
    SPI2_IRQHandler                          0x08000243   Thumb Code     0  startup_stm32f405xx.o(.text)
    SPI3_IRQHandler                          0x08000243   Thumb Code     0  startup_stm32f405xx.o(.text)
    TAMP_STAMP_IRQHandler                    0x08000243   Thumb Code     0  startup_stm32f405xx.o(.text)
    TIM1_BRK_TIM9_IRQHandler                 0x08000243   Thumb Code     0  startup_stm32f405xx.o(.text)
    TIM1_CC_IRQHandler                       0x08000243   Thumb Code     0  startup_stm32f405xx.o(.text)
    TIM1_TRG_COM_TIM11_IRQHandler            0x08000243   Thumb Code     0  startup_stm32f405xx.o(.text)
    TIM3_IRQHandler                          0x08000243   Thumb Code     0  startup_stm32f405xx.o(.text)
    TIM4_IRQHandler                          0x08000243   Thumb Code     0  startup_stm32f405xx.o(.text)
    TIM5_IRQHandler                          0x08000243   Thumb Code     0  startup_stm32f405xx.o(.text)
    TIM6_DAC_IRQHandler                      0x08000243   Thumb Code     0  startup_stm32f405xx.o(.text)
    TIM7_IRQHandler                          0x08000243   Thumb Code     0  startup_stm32f405xx.o(.text)
    TIM8_BRK_TIM12_IRQHandler                0x08000243   Thumb Code     0  startup_stm32f405xx.o(.text)
    TIM8_CC_IRQHandler                       0x08000243   Thumb Code     0  startup_stm32f405xx.o(.text)
    TIM8_TRG_COM_TIM14_IRQHandler            0x08000243   Thumb Code     0  startup_stm32f405xx.o(.text)
    TIM8_UP_TIM13_IRQHandler                 0x08000243   Thumb Code     0  startup_stm32f405xx.o(.text)
    UART4_IRQHandler                         0x08000243   Thumb Code     0  startup_stm32f405xx.o(.text)
    UART5_IRQHandler                         0x08000243   Thumb Code     0  startup_stm32f405xx.o(.text)
    USART2_IRQHandler                        0x08000243   Thumb Code     0  startup_stm32f405xx.o(.text)
    USART3_IRQHandler                        0x08000243   Thumb Code     0  startup_stm32f405xx.o(.text)
    USART6_IRQHandler                        0x08000243   Thumb Code     0  startup_stm32f405xx.o(.text)
    WWDG_IRQHandler                          0x08000243   Thumb Code     0  startup_stm32f405xx.o(.text)
    __user_initial_stackheap                 0x08000245   Thumb Code     0  startup_stm32f405xx.o(.text)
    __aeabi_uldivmod                         0x08000269   Thumb Code     0  lludivv7m.o(.text)
    _ll_udiv                                 0x08000269   Thumb Code   240  lludivv7m.o(.text)
    __aeabi_memcpy                           0x08000359   Thumb Code     0  rt_memcpy_v6.o(.text)
    __rt_memcpy                              0x08000359   Thumb Code   138  rt_memcpy_v6.o(.text)
    _memcpy_lastbytes                        0x080003bf   Thumb Code     0  rt_memcpy_v6.o(.text)
    __aeabi_memset4                          0x080003e3   Thumb Code    16  aeabi_memset4.o(.text)
    __aeabi_memset8                          0x080003e3   Thumb Code     0  aeabi_memset4.o(.text)
    __aeabi_memclr4                          0x080003f3   Thumb Code     0  rt_memclr_w.o(.text)
    __aeabi_memclr8                          0x080003f3   Thumb Code     0  rt_memclr_w.o(.text)
    __rt_memclr_w                            0x080003f3   Thumb Code     0  rt_memclr_w.o(.text)
    _memset_w                                0x080003f7   Thumb Code    74  rt_memclr_w.o(.text)
    __use_two_region_memory                  0x08000441   Thumb Code     2  heapauxi.o(.text)
    __rt_heap_escrow$2region                 0x08000443   Thumb Code     2  heapauxi.o(.text)
    __rt_heap_expand$2region                 0x08000445   Thumb Code     2  heapauxi.o(.text)
    __aeabi_memcpy4                          0x08000447   Thumb Code     0  rt_memcpy_w.o(.text)
    __aeabi_memcpy8                          0x08000447   Thumb Code     0  rt_memcpy_w.o(.text)
    __rt_memcpy_w                            0x08000447   Thumb Code   100  rt_memcpy_w.o(.text)
    _memcpy_lastbytes_aligned                0x0800048f   Thumb Code     0  rt_memcpy_w.o(.text)
    __user_setup_stackheap                   0x080004ab   Thumb Code    74  sys_stackheap_outer.o(.text)
    exit                                     0x080004f5   Thumb Code    18  exit.o(.text)
    __user_libspace                          0x08000509   Thumb Code     8  libspace.o(.text)
    __user_perproc_libspace                  0x08000509   Thumb Code     0  libspace.o(.text)
    __user_perthread_libspace                0x08000509   Thumb Code     0  libspace.o(.text)
    _sys_exit                                0x08000511   Thumb Code     8  sys_exit.o(.text)
    __I$use$semihosting                      0x0800051d   Thumb Code     0  use_no_semi.o(.text)
    __use_no_semihosting_swi                 0x0800051d   Thumb Code     2  use_no_semi.o(.text)
    __semihosting_library_function           0x0800051f   Thumb Code     0  indicate_semi.o(.text)
    BEEP_ALARM                               0x08000521   Thumb Code    64  beep.o(.text.BEEP_ALARM)
    BEEP_INIT                                0x08000561   Thumb Code    46  beep.o(.text.BEEP_INIT)
    BREATH_Init                              0x08000591   Thumb Code    38  led_breath.o(.text.BREATH_Init)
    BREATH_Step                              0x080005b9   Thumb Code    84  led_breath.o(.text.BREATH_Step)
    Beef_Task                                0x0800060d   Thumb Code    32  myostask.o(.text.Beef_Task)
    BusFault_Handler                         0x0800062d   Thumb Code     2  stm32f4xx_it.o(.text.BusFault_Handler)
    CAN1_RX0_IRQHandler                      0x08000631   Thumb Code    16  stm32f4xx_it.o(.text.CAN1_RX0_IRQHandler)
    CAN1_RX1_IRQHandler                      0x08000641   Thumb Code    16  stm32f4xx_it.o(.text.CAN1_RX1_IRQHandler)
    DMA2_Stream2_IRQHandler                  0x08000651   Thumb Code    16  stm32f4xx_it.o(.text.DMA2_Stream2_IRQHandler)
    DMA2_Stream7_IRQHandler                  0x08000661   Thumb Code    16  stm32f4xx_it.o(.text.DMA2_Stream7_IRQHandler)
    DebugMon_Handler                         0x08000671   Thumb Code     2  stm32f4xx_it.o(.text.DebugMon_Handler)
    EXTI15_10_IRQHandler                     0x08000675   Thumb Code    12  stm32f4xx_it.o(.text.EXTI15_10_IRQHandler)
    Error_Handler                            0x08000681   Thumb Code     6  main.o(.text.Error_Handler)
    HAL_CAN_ActivateNotification             0x08000689   Thumb Code    38  stm32f4xx_hal_can.o(.text.HAL_CAN_ActivateNotification)
    HAL_CAN_AddTxMessage                     0x080006b1   Thumb Code   146  stm32f4xx_hal_can.o(.text.HAL_CAN_AddTxMessage)
    HAL_CAN_ConfigFilter                     0x08000745   Thumb Code   222  stm32f4xx_hal_can.o(.text.HAL_CAN_ConfigFilter)
    HAL_CAN_ErrorCallback                    0x08000825   Thumb Code     2  stm32f4xx_hal_can.o(.text.HAL_CAN_ErrorCallback)
    HAL_CAN_GetRxMessage                     0x08000829   Thumb Code   292  stm32f4xx_hal_can.o(.text.HAL_CAN_GetRxMessage)
    HAL_CAN_IRQHandler                       0x0800094d   Thumb Code   570  stm32f4xx_hal_can.o(.text.HAL_CAN_IRQHandler)
    HAL_CAN_Init                             0x08000b89   Thumb Code   244  stm32f4xx_hal_can.o(.text.HAL_CAN_Init)
    HAL_CAN_MspInit                          0x08000c7d   Thumb Code   148  can.o(.text.HAL_CAN_MspInit)
    HAL_CAN_RxFifo0FullCallback              0x08000d11   Thumb Code     2  stm32f4xx_hal_can.o(.text.HAL_CAN_RxFifo0FullCallback)
    HAL_CAN_RxFifo0MsgPendingCallback        0x08000d15   Thumb Code   180  can_irqhandler.o(.text.HAL_CAN_RxFifo0MsgPendingCallback)
    HAL_CAN_RxFifo1FullCallback              0x08000dc9   Thumb Code     2  stm32f4xx_hal_can.o(.text.HAL_CAN_RxFifo1FullCallback)
    HAL_CAN_RxFifo1MsgPendingCallback        0x08000dcd   Thumb Code     2  stm32f4xx_hal_can.o(.text.HAL_CAN_RxFifo1MsgPendingCallback)
    HAL_CAN_SleepCallback                    0x08000dd1   Thumb Code     2  stm32f4xx_hal_can.o(.text.HAL_CAN_SleepCallback)
    HAL_CAN_Start                            0x08000dd5   Thumb Code    90  stm32f4xx_hal_can.o(.text.HAL_CAN_Start)
    HAL_CAN_TxMailbox0AbortCallback          0x08000e31   Thumb Code     2  stm32f4xx_hal_can.o(.text.HAL_CAN_TxMailbox0AbortCallback)
    HAL_CAN_TxMailbox0CompleteCallback       0x08000e35   Thumb Code     2  stm32f4xx_hal_can.o(.text.HAL_CAN_TxMailbox0CompleteCallback)
    HAL_CAN_TxMailbox1AbortCallback          0x08000e39   Thumb Code     2  stm32f4xx_hal_can.o(.text.HAL_CAN_TxMailbox1AbortCallback)
    HAL_CAN_TxMailbox1CompleteCallback       0x08000e3d   Thumb Code     2  stm32f4xx_hal_can.o(.text.HAL_CAN_TxMailbox1CompleteCallback)
    HAL_CAN_TxMailbox2AbortCallback          0x08000e41   Thumb Code     2  stm32f4xx_hal_can.o(.text.HAL_CAN_TxMailbox2AbortCallback)
    HAL_CAN_TxMailbox2CompleteCallback       0x08000e45   Thumb Code     2  stm32f4xx_hal_can.o(.text.HAL_CAN_TxMailbox2CompleteCallback)
    HAL_CAN_WakeUpFromRxMsgCallback          0x08000e49   Thumb Code     2  stm32f4xx_hal_can.o(.text.HAL_CAN_WakeUpFromRxMsgCallback)
    HAL_DMA_Abort                            0x08000e4d   Thumb Code   128  stm32f4xx_hal_dma.o(.text.HAL_DMA_Abort)
    HAL_DMA_Abort_IT                         0x08000ecd   Thumb Code    36  stm32f4xx_hal_dma.o(.text.HAL_DMA_Abort_IT)
    HAL_DMA_IRQHandler                       0x08000ef1   Thumb Code   394  stm32f4xx_hal_dma.o(.text.HAL_DMA_IRQHandler)
    HAL_DMA_Init                             0x0800107d   Thumb Code   320  stm32f4xx_hal_dma.o(.text.HAL_DMA_Init)
    HAL_DMA_Start_IT                         0x080011bd   Thumb Code   156  stm32f4xx_hal_dma.o(.text.HAL_DMA_Start_IT)
    HAL_Delay                                0x08001259   Thumb Code    40  stm32f4xx_hal.o(.text.HAL_Delay)
    HAL_GPIO_EXTI_Callback                   0x08001281   Thumb Code    42  exti_irqhandler.o(.text.HAL_GPIO_EXTI_Callback)
    HAL_GPIO_EXTI_IRQHandler                 0x080012ad   Thumb Code    26  stm32f4xx_hal_gpio.o(.text.HAL_GPIO_EXTI_IRQHandler)
    HAL_GPIO_Init                            0x080012c9   Thumb Code   416  stm32f4xx_hal_gpio.o(.text.HAL_GPIO_Init)
    HAL_GPIO_WritePin                        0x08001469   Thumb Code    10  stm32f4xx_hal_gpio.o(.text.HAL_GPIO_WritePin)
    HAL_GetTick                              0x08001475   Thumb Code    12  stm32f4xx_hal.o(.text.HAL_GetTick)
    HAL_IncTick                              0x08001481   Thumb Code    26  stm32f4xx_hal.o(.text.HAL_IncTick)
    HAL_Init                                 0x0800149d   Thumb Code    54  stm32f4xx_hal.o(.text.HAL_Init)
    HAL_InitTick                             0x080014d5   Thumb Code   164  stm32f4xx_hal_timebase_tim.o(.text.HAL_InitTick)
    HAL_MspInit                              0x08001579   Thumb Code    70  stm32f4xx_hal_msp.o(.text.HAL_MspInit)
    HAL_NVIC_EnableIRQ                       0x080015c1   Thumb Code    32  stm32f4xx_hal_cortex.o(.text.HAL_NVIC_EnableIRQ)
    HAL_NVIC_SetPriority                     0x080015e1   Thumb Code    86  stm32f4xx_hal_cortex.o(.text.HAL_NVIC_SetPriority)
    HAL_NVIC_SetPriorityGrouping             0x08001639   Thumb Code    32  stm32f4xx_hal_cortex.o(.text.HAL_NVIC_SetPriorityGrouping)
    HAL_RCC_ClockConfig                      0x08001659   Thumb Code   352  stm32f4xx_hal_rcc.o(.text.HAL_RCC_ClockConfig)
    HAL_RCC_GetClockConfig                   0x080017b9   Thumb Code    62  stm32f4xx_hal_rcc.o(.text.HAL_RCC_GetClockConfig)
    HAL_RCC_GetPCLK1Freq                     0x080017f9   Thumb Code    38  stm32f4xx_hal_rcc.o(.text.HAL_RCC_GetPCLK1Freq)
    HAL_RCC_GetPCLK2Freq                     0x08001821   Thumb Code    38  stm32f4xx_hal_rcc.o(.text.HAL_RCC_GetPCLK2Freq)
    HAL_RCC_GetSysClockFreq                  0x08001849   Thumb Code   104  stm32f4xx_hal_rcc.o(.text.HAL_RCC_GetSysClockFreq)
    HAL_RCC_OscConfig                        0x080018b1   Thumb Code   840  stm32f4xx_hal_rcc.o(.text.HAL_RCC_OscConfig)
    HAL_TIMEx_BreakCallback                  0x08001bf9   Thumb Code     2  stm32f4xx_hal_tim_ex.o(.text.HAL_TIMEx_BreakCallback)
    HAL_TIMEx_CommutCallback                 0x08001bfd   Thumb Code     2  stm32f4xx_hal_tim_ex.o(.text.HAL_TIMEx_CommutCallback)
    HAL_TIMEx_MasterConfigSynchronization    0x08001c01   Thumb Code   184  stm32f4xx_hal_tim_ex.o(.text.HAL_TIMEx_MasterConfigSynchronization)
    HAL_TIM_Base_Init                        0x08001cb9   Thumb Code    90  stm32f4xx_hal_tim.o(.text.HAL_TIM_Base_Init)
    HAL_TIM_Base_MspInit                     0x08001d15   Thumb Code    66  tim.o(.text.HAL_TIM_Base_MspInit)
    HAL_TIM_Base_Start_IT                    0x08001d59   Thumb Code   168  stm32f4xx_hal_tim.o(.text.HAL_TIM_Base_Start_IT)
    HAL_TIM_ConfigClockSource                0x08001e01   Thumb Code   412  stm32f4xx_hal_tim.o(.text.HAL_TIM_ConfigClockSource)
    HAL_TIM_IC_CaptureCallback               0x08001f9d   Thumb Code     2  stm32f4xx_hal_tim.o(.text.HAL_TIM_IC_CaptureCallback)
    HAL_TIM_IRQHandler                       0x08001fa1   Thumb Code   326  stm32f4xx_hal_tim.o(.text.HAL_TIM_IRQHandler)
    HAL_TIM_OC_DelayElapsedCallback          0x080020e9   Thumb Code     2  stm32f4xx_hal_tim.o(.text.HAL_TIM_OC_DelayElapsedCallback)
    HAL_TIM_PWM_ConfigChannel                0x080020ed   Thumb Code   534  stm32f4xx_hal_tim.o(.text.HAL_TIM_PWM_ConfigChannel)
    HAL_TIM_PWM_Init                         0x08002305   Thumb Code    90  stm32f4xx_hal_tim.o(.text.HAL_TIM_PWM_Init)
    HAL_TIM_PWM_MspInit                      0x08002361   Thumb Code    54  tim.o(.text.HAL_TIM_PWM_MspInit)
    HAL_TIM_PWM_PulseFinishedCallback        0x08002399   Thumb Code     2  stm32f4xx_hal_tim.o(.text.HAL_TIM_PWM_PulseFinishedCallback)
    HAL_TIM_PWM_Start                        0x0800239d   Thumb Code   302  stm32f4xx_hal_tim.o(.text.HAL_TIM_PWM_Start)
    HAL_TIM_PeriodElapsedCallback            0x080024cd   Thumb Code    28  main.o(.text.HAL_TIM_PeriodElapsedCallback)
    HAL_TIM_TriggerCallback                  0x080024e9   Thumb Code     2  stm32f4xx_hal_tim.o(.text.HAL_TIM_TriggerCallback)
    HAL_UARTEx_ReceiveToIdle_DMA             0x080024ed   Thumb Code    92  stm32f4xx_hal_uart.o(.text.HAL_UARTEx_ReceiveToIdle_DMA)
    HAL_UARTEx_RxEventCallback               0x08002549   Thumb Code    98  uart_irqhandler.o(.text.HAL_UARTEx_RxEventCallback)
    HAL_UART_ErrorCallback                   0x080025ad   Thumb Code     2  stm32f4xx_hal_uart.o(.text.HAL_UART_ErrorCallback)
    HAL_UART_IRQHandler                      0x080025b1   Thumb Code   782  stm32f4xx_hal_uart.o(.text.HAL_UART_IRQHandler)
    HAL_UART_Init                            0x080028c1   Thumb Code    96  stm32f4xx_hal_uart.o(.text.HAL_UART_Init)
    HAL_UART_MspInit                         0x08002921   Thumb Code   292  usart.o(.text.HAL_UART_MspInit)
    HAL_UART_RxCpltCallback                  0x08002a45   Thumb Code     2  stm32f4xx_hal_uart.o(.text.HAL_UART_RxCpltCallback)
    HAL_UART_RxHalfCpltCallback              0x08002a49   Thumb Code     2  stm32f4xx_hal_uart.o(.text.HAL_UART_RxHalfCpltCallback)
    HAL_UART_TxCpltCallback                  0x08002a4d   Thumb Code     2  stm32f4xx_hal_uart.o(.text.HAL_UART_TxCpltCallback)
    HardFault_Handler                        0x08002a51   Thumb Code     2  stm32f4xx_it.o(.text.HardFault_Handler)
    Led_Task                                 0x08002a55   Thumb Code    90  myostask.o(.text.Led_Task)
    MX_CAN1_Init                             0x08002ab1   Thumb Code   168  can.o(.text.MX_CAN1_Init)
    MX_DMA_Init                              0x08002b59   Thumb Code    70  dma.o(.text.MX_DMA_Init)
    MX_FREERTOS_Init                         0x08002ba1   Thumb Code   132  freertos.o(.text.MX_FREERTOS_Init)
    MX_GPIO_Init                             0x08002c25   Thumb Code   172  gpio.o(.text.MX_GPIO_Init)
    MX_TIM2_Init                             0x08002cd1   Thumb Code   140  tim.o(.text.MX_TIM2_Init)
    MX_TIM3_Init                             0x08002d5d   Thumb Code   254  tim.o(.text.MX_TIM3_Init)
    MX_USART1_UART_Init                      0x08002e5d   Thumb Code    56  usart.o(.text.MX_USART1_UART_Init)
    MemManage_Handler                        0x08002e95   Thumb Code     2  stm32f4xx_it.o(.text.MemManage_Handler)
    NMI_Handler                              0x08002e99   Thumb Code     2  stm32f4xx_it.o(.text.NMI_Handler)
    Noise_Task                               0x08002e9d   Thumb Code    60  myostask.o(.text.Noise_Task)
    PendSV_Handler                           0x08002ee1   Thumb Code   100  port.o(.text.PendSV_Handler)
    SVC_Handler                              0x08002f51   Thumb Code    36  port.o(.text.SVC_Handler)
    Send_Data                                0x08002f75   Thumb Code   176  myostask.o(.text.Send_Data)
    SysTick_Handler                          0x08003025   Thumb Code    26  cmsis_os2.o(.text.SysTick_Handler)
    SystemClock_Config                       0x08003041   Thumb Code   170  main.o(.text.SystemClock_Config)
    SystemInit                               0x080030ed   Thumb Code    18  system_stm32f4xx.o(.text.SystemInit)
    TIM1_UP_TIM10_IRQHandler                 0x08003101   Thumb Code    16  stm32f4xx_it.o(.text.TIM1_UP_TIM10_IRQHandler)
    TIM2_IRQHandler                          0x08003111   Thumb Code    16  stm32f4xx_it.o(.text.TIM2_IRQHandler)
    TIM_Base_SetConfig                       0x08003121   Thumb Code   300  stm32f4xx_hal_tim.o(.text.TIM_Base_SetConfig)
    TIM_PeriodElapsedCallback                0x0800324d   Thumb Code     2  tim_irqhandler.o(.text.TIM_PeriodElapsedCallback)
    UART_Start_Receive                       0x08003555   Thumb Code    26  uart_irqhandler.o(.text.UART_Start_Receive)
    UART_Start_Receive_DMA                   0x08003571   Thumb Code   170  stm32f4xx_hal_uart.o(.text.UART_Start_Receive_DMA)
    USART1_IRQHandler                        0x0800361d   Thumb Code    16  stm32f4xx_it.o(.text.USART1_IRQHandler)
    UsageFault_Handler                       0x0800362d   Thumb Code     2  stm32f4xx_it.o(.text.UsageFault_Handler)
    main                                     0x08003631   Thumb Code    58  main.o(.text.main)
    osDelay                                  0x0800366d   Thumb Code    32  cmsis_os2.o(.text.osDelay)
    osKernelGetTickCount                     0x0800368d   Thumb Code    20  cmsis_os2.o(.text.osKernelGetTickCount)
    osKernelInitialize                       0x080036a1   Thumb Code    40  cmsis_os2.o(.text.osKernelInitialize)
    osKernelStart                            0x080036c9   Thumb Code    60  cmsis_os2.o(.text.osKernelStart)
    osThreadNew                              0x08003705   Thumb Code   184  cmsis_os2.o(.text.osThreadNew)
    pvPortMalloc                             0x08003ee1   Thumb Code   454  heap_4.o(.text.pvPortMalloc)
    pxPortInitialiseStack                    0x080040a9   Thumb Code    40  port.o(.text.pxPortInitialiseStack)
    uxListRemove                             0x080040d1   Thumb Code    36  list.o(.text.uxListRemove)
    uxTaskGetStackHighWaterMark              0x080040f5   Thumb Code    44  tasks.o(.text.uxTaskGetStackHighWaterMark)
    vApplicationGetIdleTaskMemory            0x08004121   Thumb Code    26  cmsis_os2.o(.text.vApplicationGetIdleTaskMemory)
    vApplicationGetTimerTaskMemory           0x0800413d   Thumb Code    28  cmsis_os2.o(.text.vApplicationGetTimerTaskMemory)
    vListInitialise                          0x08004159   Thumb Code    22  list.o(.text.vListInitialise)
    vListInitialiseItem                      0x08004171   Thumb Code     6  list.o(.text.vListInitialiseItem)
    vListInsert                              0x08004179   Thumb Code    58  list.o(.text.vListInsert)
    vListInsertEnd                           0x080041b5   Thumb Code    28  list.o(.text.vListInsertEnd)
    vPortEnterCritical                       0x080041e5   Thumb Code    70  port.o(.text.vPortEnterCritical)
    vPortExitCritical                        0x0800422d   Thumb Code    46  port.o(.text.vPortExitCritical)
    vPortFree                                0x0800425d   Thumb Code   208  heap_4.o(.text.vPortFree)
    vPortSetupTimerInterrupt                 0x0800432d   Thumb Code    52  port.o(.text.vPortSetupTimerInterrupt)
    vPortValidateInterruptPriority           0x08004361   Thumb Code    98  port.o(.text.vPortValidateInterruptPriority)
    vQueueAddToRegistry                      0x080043c5   Thumb Code    40  queue.o(.text.vQueueAddToRegistry)
    vQueueWaitForMessageRestricted           0x080043ed   Thumb Code    68  queue.o(.text.vQueueWaitForMessageRestricted)
    vTaskDelay                               0x08004431   Thumb Code   166  tasks.o(.text.vTaskDelay)
    vTaskDelayUntil                          0x080044d9   Thumb Code   238  tasks.o(.text.vTaskDelayUntil)
    vTaskInternalSetTimeOutState             0x080045c9   Thumb Code    26  tasks.o(.text.vTaskInternalSetTimeOutState)
    vTaskMissedYield                         0x080045e5   Thumb Code    14  tasks.o(.text.vTaskMissedYield)
    vTaskPlaceOnEventList                    0x080045f5   Thumb Code    50  tasks.o(.text.vTaskPlaceOnEventList)
    vTaskPlaceOnEventListRestricted          0x08004629   Thumb Code    62  tasks.o(.text.vTaskPlaceOnEventListRestricted)
    vTaskStartScheduler                      0x08004669   Thumb Code   156  tasks.o(.text.vTaskStartScheduler)
    vTaskSuspendAll                          0x0800470d   Thumb Code    16  tasks.o(.text.vTaskSuspendAll)
    vTaskSwitchContext                       0x0800471d   Thumb Code   154  tasks.o(.text.vTaskSwitchContext)
    xPortStartScheduler                      0x080047b9   Thumb Code   302  port.o(.text.xPortStartScheduler)
    xPortSysTickHandler                      0x080048e9   Thumb Code    46  port.o(.text.xPortSysTickHandler)
    xQueueGenericCreateStatic                0x08004919   Thumb Code   218  queue.o(.text.xQueueGenericCreateStatic)
    xQueueGenericSend                        0x080049f5   Thumb Code   530  queue.o(.text.xQueueGenericSend)
    xQueueReceive                            0x08004c09   Thumb Code   424  queue.o(.text.xQueueReceive)
    xTaskCheckForTimeOut                     0x08004db1   Thumb Code   142  tasks.o(.text.xTaskCheckForTimeOut)
    xTaskCreate                              0x08004e41   Thumb Code   220  tasks.o(.text.xTaskCreate)
    xTaskCreateStatic                        0x08004f1d   Thumb Code   232  tasks.o(.text.xTaskCreateStatic)
    xTaskGetSchedulerState                   0x08005005   Thumb Code    38  tasks.o(.text.xTaskGetSchedulerState)
    xTaskGetTickCount                        0x0800502d   Thumb Code    12  tasks.o(.text.xTaskGetTickCount)
    xTaskGetTickCountFromISR                 0x08005039   Thumb Code    18  tasks.o(.text.xTaskGetTickCountFromISR)
    xTaskIncrementTick                       0x0800504d   Thumb Code   366  tasks.o(.text.xTaskIncrementTick)
    xTaskPriorityDisinherit                  0x080051bd   Thumb Code   146  tasks.o(.text.xTaskPriorityDisinherit)
    xTaskRemoveFromEventList                 0x08005251   Thumb Code   142  tasks.o(.text.xTaskRemoveFromEventList)
    xTaskResumeAll                           0x080052e1   Thumb Code   312  tasks.o(.text.xTaskResumeAll)
    xTimerCreateTimerTask                    0x08005419   Thumb Code   108  timers.o(.text.xTimerCreateTimerTask)
    _fp_init                                 0x0800548d   Thumb Code    26  fpinit.o(x$fpl$fpinit)
    __fplib_config_fpu_vfp                   0x080054a5   Thumb Code     0  fpinit.o(x$fpl$fpinit)
    __fplib_config_pureend_doubles           0x080054a5   Thumb Code     0  fpinit.o(x$fpl$fpinit)
    AHBPrescTable                            0x080054a6   Data          16  system_stm32f4xx.o(.rodata.AHBPrescTable)
    APBPrescTable                            0x080054b6   Data           8  system_stm32f4xx.o(.rodata.APBPrescTable)
    Buzzer_Task_attributes                   0x080054c0   Data          36  freertos.o(.rodata.Buzzer_Task_attributes)
    LED_Task_attributes                      0x080054e4   Data          36  freertos.o(.rodata.LED_Task_attributes)
    NOISE_TASK_attributes                    0x08005508   Data          36  freertos.o(.rodata.NOISE_TASK_attributes)
    SEND_DATA_attributes                     0x0800552c   Data          36  freertos.o(.rodata.SEND_DATA_attributes)
    Region$$Table$$Base                      0x08005584   Number         0  anon$$obj.o(Region$$Table)
    Region$$Table$$Limit                     0x080055a4   Number         0  anon$$obj.o(Region$$Table)
    BREATH_PERIOD                            0x20000000   Data           2  led_breath.o(.data.BREATH_PERIOD)
    SystemCoreClock                          0x20000004   Data           4  system_stm32f4xx.o(.data.SystemCoreClock)
    uwTickFreq                               0x20000008   Data           1  stm32f4xx_hal.o(.data.uwTickFreq)
    uwTickPrio                               0x2000000c   Data           4  stm32f4xx_hal.o(.data.uwTickPrio)
    __libspace_start                         0x20000018   Data          96  libspace.o(.bss)
    BREATH_STATE                             0x20000078   Data           1  led_breath.o(.bss.BREATH_STATE)
    __temporary_stack_top$libspace           0x20000078   Data           0  libspace.o(.bss)
    Beef_count                               0x20000079   Data           1  uart_irqhandler.o(.bss.Beef_count)
    Buzzer_TaskHandle                        0x2000007c   Data           4  freertos.o(.bss.Buzzer_TaskHandle)
    CAN_State                                0x20000080   Data           1  can_irqhandler.o(.bss.CAN_State)
    Key_PressPending                         0x20000088   Data           1  exti_irqhandler.o(.bss.Key_PressPending)
    Key_PressTick                            0x2000008c   Data           4  exti_irqhandler.o(.bss.Key_PressTick)
    LED_TaskHandle                           0x20000090   Data           4  freertos.o(.bss.LED_TaskHandle)
    LedTaskStackHighWaterMark                0x20000094   Data           4  myostask.o(.bss.LedTaskStackHighWaterMark)
    NOISE_TASKHandle                         0x20000098   Data           4  freertos.o(.bss.NOISE_TASKHandle)
    SEND_DATAHandle                          0x2000009c   Data           4  freertos.o(.bss.SEND_DATAHandle)
    Send_State                               0x200000a2   Data           1  can_irqhandler.o(.bss.Send_State)
    hcan1                                    0x200000a4   Data          40  can.o(.bss.hcan1)
    hdma_usart1_rx                           0x200000cc   Data          96  usart.o(.bss.hdma_usart1_rx)
    hdma_usart1_tx                           0x2000012c   Data          96  usart.o(.bss.hdma_usart1_tx)
    htim1                                    0x2000018c   Data          72  stm32f4xx_hal_timebase_tim.o(.bss.htim1)
    htim2                                    0x200001d4   Data          72  tim.o(.bss.htim2)
    htim3                                    0x2000021c   Data          72  tim.o(.bss.htim3)
    huart1                                   0x20000264   Data          72  usart.o(.bss.huart1)
    pxCurrentTCB                             0x200003a0   Data           4  tasks.o(.bss.pxCurrentTCB)
    rx_buffer                                0x20000818   Data         100  uart_irqhandler.o(.bss.rx_buffer)
    s_duty                                   0x2000087e   Data           2  led_breath.o(.bss.s_duty)
    uwTick                                   0x20004488   Data           4  stm32f4xx_hal.o(.bss.uwTick)
    xQueueRegistry                           0x20004be0   Data          64  queue.o(.bss.xQueueRegistry)



==============================================================================

Memory Map of the image

  Image Entry point : 0x08000189

  Load Region LR_IROM1 (Base: 0x08000000, Size: 0x000055c0, Max: 0x00100000, ABSOLUTE)

    Execution Region ER_IROM1 (Exec base: 0x08000000, Load base: 0x08000000, Size: 0x000055a4, Max: 0x00100000, ABSOLUTE)

    Exec Addr    Load Addr    Size         Type   Attr      Idx    E Section Name        Object

    0x08000000   0x08000000   0x00000188   Data   RO            3    RESET               startup_stm32f405xx.o
    0x08000188   0x08000188   0x00000008   Code   RO         1838  * !!!main             c_w.l(__main.o)
    0x08000190   0x08000190   0x00000034   Code   RO         2015    !!!scatter          c_w.l(__scatter.o)
    0x080001c4   0x080001c4   0x0000001a   Code   RO         2017    !!handler_copy      c_w.l(__scatter_copy.o)
    0x080001de   0x080001de   0x00000002   PAD
    0x080001e0   0x080001e0   0x0000001c   Code   RO         2019    !!handler_zi        c_w.l(__scatter_zi.o)
    0x080001fc   0x080001fc   0x00000002   Code   RO         1877    .ARM.Collect$$libinit$$00000000  c_w.l(libinit.o)
    0x080001fe   0x080001fe   0x00000004   Code   RO         1889    .ARM.Collect$$libinit$$00000001  c_w.l(libinit2.o)
    0x08000202   0x08000202   0x00000000   Code   RO         1892    .ARM.Collect$$libinit$$00000004  c_w.l(libinit2.o)
    0x08000202   0x08000202   0x00000000   Code   RO         1894    .ARM.Collect$$libinit$$00000006  c_w.l(libinit2.o)
    0x08000202   0x08000202   0x00000000   Code   RO         1897    .ARM.Collect$$libinit$$0000000C  c_w.l(libinit2.o)
    0x08000202   0x08000202   0x00000000   Code   RO         1899    .ARM.Collect$$libinit$$0000000E  c_w.l(libinit2.o)
    0x08000202   0x08000202   0x00000000   Code   RO         1901    .ARM.Collect$$libinit$$00000010  c_w.l(libinit2.o)
    0x08000202   0x08000202   0x00000000   Code   RO         1904    .ARM.Collect$$libinit$$00000013  c_w.l(libinit2.o)
    0x08000202   0x08000202   0x00000000   Code   RO         1906    .ARM.Collect$$libinit$$00000015  c_w.l(libinit2.o)
    0x08000202   0x08000202   0x00000000   Code   RO         1908    .ARM.Collect$$libinit$$00000017  c_w.l(libinit2.o)
    0x08000202   0x08000202   0x00000000   Code   RO         1910    .ARM.Collect$$libinit$$00000019  c_w.l(libinit2.o)
    0x08000202   0x08000202   0x00000000   Code   RO         1912    .ARM.Collect$$libinit$$0000001B  c_w.l(libinit2.o)
    0x08000202   0x08000202   0x00000000   Code   RO         1914    .ARM.Collect$$libinit$$0000001D  c_w.l(libinit2.o)
    0x08000202   0x08000202   0x00000000   Code   RO         1916    .ARM.Collect$$libinit$$0000001F  c_w.l(libinit2.o)
    0x08000202   0x08000202   0x00000000   Code   RO         1918    .ARM.Collect$$libinit$$00000021  c_w.l(libinit2.o)
    0x08000202   0x08000202   0x00000000   Code   RO         1920    .ARM.Collect$$libinit$$00000023  c_w.l(libinit2.o)
    0x08000202   0x08000202   0x00000000   Code   RO         1922    .ARM.Collect$$libinit$$00000025  c_w.l(libinit2.o)
    0x08000202   0x08000202   0x00000000   Code   RO         1924    .ARM.Collect$$libinit$$00000027  c_w.l(libinit2.o)
    0x08000202   0x08000202   0x00000000   Code   RO         1928    .ARM.Collect$$libinit$$0000002E  c_w.l(libinit2.o)
    0x08000202   0x08000202   0x00000000   Code   RO         1930    .ARM.Collect$$libinit$$00000030  c_w.l(libinit2.o)
    0x08000202   0x08000202   0x00000000   Code   RO         1932    .ARM.Collect$$libinit$$00000032  c_w.l(libinit2.o)
    0x08000202   0x08000202   0x00000000   Code   RO         1934    .ARM.Collect$$libinit$$00000034  c_w.l(libinit2.o)
    0x08000202   0x08000202   0x00000002   Code   RO         1935    .ARM.Collect$$libinit$$00000035  c_w.l(libinit2.o)
    0x08000204   0x08000204   0x00000002   Code   RO         1970    .ARM.Collect$$libshutdown$$00000000  c_w.l(libshutdown.o)
    0x08000206   0x08000206   0x00000000   Code   RO         1998    .ARM.Collect$$libshutdown$$00000002  c_w.l(libshutdown2.o)
    0x08000206   0x08000206   0x00000000   Code   RO         2000    .ARM.Collect$$libshutdown$$00000004  c_w.l(libshutdown2.o)
    0x08000206   0x08000206   0x00000000   Code   RO         2003    .ARM.Collect$$libshutdown$$00000007  c_w.l(libshutdown2.o)
    0x08000206   0x08000206   0x00000000   Code   RO         2006    .ARM.Collect$$libshutdown$$0000000A  c_w.l(libshutdown2.o)
    0x08000206   0x08000206   0x00000000   Code   RO         2008    .ARM.Collect$$libshutdown$$0000000C  c_w.l(libshutdown2.o)
    0x08000206   0x08000206   0x00000000   Code   RO         2011    .ARM.Collect$$libshutdown$$0000000F  c_w.l(libshutdown2.o)
    0x08000206   0x08000206   0x00000002   Code   RO         2012    .ARM.Collect$$libshutdown$$00000010  c_w.l(libshutdown2.o)
    0x08000208   0x08000208   0x00000000   Code   RO         1840    .ARM.Collect$$rtentry$$00000000  c_w.l(__rtentry.o)
    0x08000208   0x08000208   0x00000000   Code   RO         1848    .ARM.Collect$$rtentry$$00000002  c_w.l(__rtentry2.o)
    0x08000208   0x08000208   0x00000006   Code   RO         1860    .ARM.Collect$$rtentry$$00000004  c_w.l(__rtentry4.o)
    0x0800020e   0x0800020e   0x00000000   Code   RO         1850    .ARM.Collect$$rtentry$$00000009  c_w.l(__rtentry2.o)
    0x0800020e   0x0800020e   0x00000004   Code   RO         1851    .ARM.Collect$$rtentry$$0000000A  c_w.l(__rtentry2.o)
    0x08000212   0x08000212   0x00000000   Code   RO         1853    .ARM.Collect$$rtentry$$0000000C  c_w.l(__rtentry2.o)
    0x08000212   0x08000212   0x00000008   Code   RO         1854    .ARM.Collect$$rtentry$$0000000D  c_w.l(__rtentry2.o)
    0x0800021a   0x0800021a   0x00000002   Code   RO         1881    .ARM.Collect$$rtexit$$00000000  c_w.l(rtexit.o)
    0x0800021c   0x0800021c   0x00000000   Code   RO         1941    .ARM.Collect$$rtexit$$00000002  c_w.l(rtexit2.o)
    0x0800021c   0x0800021c   0x00000004   Code   RO         1942    .ARM.Collect$$rtexit$$00000003  c_w.l(rtexit2.o)
    0x08000220   0x08000220   0x00000006   Code   RO         1943    .ARM.Collect$$rtexit$$00000004  c_w.l(rtexit2.o)
    0x08000226   0x08000226   0x00000002   PAD
    0x08000228   0x08000228   0x00000040   Code   RO            4    .text               startup_stm32f405xx.o
    0x08000268   0x08000268   0x000000f0   Code   RO         1824    .text               c_w.l(lludivv7m.o)
    0x08000358   0x08000358   0x0000008a   Code   RO         1826    .text               c_w.l(rt_memcpy_v6.o)
    0x080003e2   0x080003e2   0x00000010   Code   RO         1830    .text               c_w.l(aeabi_memset4.o)
    0x080003f2   0x080003f2   0x0000004e   Code   RO         1834    .text               c_w.l(rt_memclr_w.o)
    0x08000440   0x08000440   0x00000006   Code   RO         1836    .text               c_w.l(heapauxi.o)
    0x08000446   0x08000446   0x00000064   Code   RO         1845    .text               c_w.l(rt_memcpy_w.o)
    0x080004aa   0x080004aa   0x0000004a   Code   RO         1864    .text               c_w.l(sys_stackheap_outer.o)
    0x080004f4   0x080004f4   0x00000012   Code   RO         1866    .text               c_w.l(exit.o)
    0x08000506   0x08000506   0x00000002   PAD
    0x08000508   0x08000508   0x00000008   Code   RO         1878    .text               c_w.l(libspace.o)
    0x08000510   0x08000510   0x0000000c   Code   RO         1936    .text               c_w.l(sys_exit.o)
    0x0800051c   0x0800051c   0x00000002   Code   RO         1959    .text               c_w.l(use_no_semi.o)
    0x0800051e   0x0800051e   0x00000000   Code   RO         1961    .text               c_w.l(indicate_semi.o)
    0x0800051e   0x0800051e   0x00000002   PAD
    0x08000520   0x08000520   0x00000040   Code   RO         1112    .text.BEEP_ALARM    beep.o
    0x08000560   0x08000560   0x0000002e   Code   RO         1110    .text.BEEP_INIT     beep.o
    0x0800058e   0x0800058e   0x00000002   PAD
    0x08000590   0x08000590   0x00000026   Code   RO         1162    .text.BREATH_Init   led_breath.o
    0x080005b6   0x080005b6   0x00000002   PAD
    0x080005b8   0x080005b8   0x00000054   Code   RO         1160    .text.BREATH_Step   led_breath.o
    0x0800060c   0x0800060c   0x00000020   Code   RO         1144    .text.Beef_Task     myostask.o
    0x0800062c   0x0800062c   0x00000002   Code   RO          135    .text.BusFault_Handler  stm32f4xx_it.o
    0x0800062e   0x0800062e   0x00000002   PAD
    0x08000630   0x08000630   0x00000010   Code   RO          141    .text.CAN1_RX0_IRQHandler  stm32f4xx_it.o
    0x08000640   0x08000640   0x00000010   Code   RO          143    .text.CAN1_RX1_IRQHandler  stm32f4xx_it.o
    0x08000650   0x08000650   0x00000010   Code   RO          153    .text.DMA2_Stream2_IRQHandler  stm32f4xx_it.o
    0x08000660   0x08000660   0x00000010   Code   RO          155    .text.DMA2_Stream7_IRQHandler  stm32f4xx_it.o
    0x08000670   0x08000670   0x00000002   Code   RO          139    .text.DebugMon_Handler  stm32f4xx_it.o
    0x08000672   0x08000672   0x00000002   PAD
    0x08000674   0x08000674   0x0000000c   Code   RO          151    .text.EXTI15_10_IRQHandler  stm32f4xx_it.o
    0x08000680   0x08000680   0x00000006   Code   RO           15    .text.Error_Handler  main.o
    0x08000686   0x08000686   0x00000002   PAD
    0x08000688   0x08000688   0x00000026   Code   RO          222    .text.HAL_CAN_ActivateNotification  stm32f4xx_hal_can.o
    0x080006ae   0x080006ae   0x00000002   PAD
    0x080006b0   0x080006b0   0x00000092   Code   RO          208    .text.HAL_CAN_AddTxMessage  stm32f4xx_hal_can.o
    0x08000742   0x08000742   0x00000002   PAD
    0x08000744   0x08000744   0x000000de   Code   RO          198    .text.HAL_CAN_ConfigFilter  stm32f4xx_hal_can.o
    0x08000822   0x08000822   0x00000002   PAD
    0x08000824   0x08000824   0x00000002   Code   RO          252    .text.HAL_CAN_ErrorCallback  stm32f4xx_hal_can.o
    0x08000826   0x08000826   0x00000002   PAD
    0x08000828   0x08000828   0x00000124   Code   RO          218    .text.HAL_CAN_GetRxMessage  stm32f4xx_hal_can.o
    0x0800094c   0x0800094c   0x0000023a   Code   RO          226    .text.HAL_CAN_IRQHandler  stm32f4xx_hal_can.o
    0x08000b86   0x08000b86   0x00000002   PAD
    0x08000b88   0x08000b88   0x000000f4   Code   RO          188    .text.HAL_CAN_Init  stm32f4xx_hal_can.o
    0x08000c7c   0x08000c7c   0x00000094   Code   RO           66    .text.HAL_CAN_MspInit  can.o
    0x08000d10   0x08000d10   0x00000002   Code   RO          240    .text.HAL_CAN_RxFifo0FullCallback  stm32f4xx_hal_can.o
    0x08000d12   0x08000d12   0x00000002   PAD
    0x08000d14   0x08000d14   0x000000b4   Code   RO         1209    .text.HAL_CAN_RxFifo0MsgPendingCallback  can_irqhandler.o
    0x08000dc8   0x08000dc8   0x00000002   Code   RO          244    .text.HAL_CAN_RxFifo1FullCallback  stm32f4xx_hal_can.o
    0x08000dca   0x08000dca   0x00000002   PAD
    0x08000dcc   0x08000dcc   0x00000002   Code   RO          246    .text.HAL_CAN_RxFifo1MsgPendingCallback  stm32f4xx_hal_can.o
    0x08000dce   0x08000dce   0x00000002   PAD
    0x08000dd0   0x08000dd0   0x00000002   Code   RO          248    .text.HAL_CAN_SleepCallback  stm32f4xx_hal_can.o
    0x08000dd2   0x08000dd2   0x00000002   PAD
    0x08000dd4   0x08000dd4   0x0000005a   Code   RO          200    .text.HAL_CAN_Start  stm32f4xx_hal_can.o
    0x08000e2e   0x08000e2e   0x00000002   PAD
    0x08000e30   0x08000e30   0x00000002   Code   RO          230    .text.HAL_CAN_TxMailbox0AbortCallback  stm32f4xx_hal_can.o
    0x08000e32   0x08000e32   0x00000002   PAD
    0x08000e34   0x08000e34   0x00000002   Code   RO          228    .text.HAL_CAN_TxMailbox0CompleteCallback  stm32f4xx_hal_can.o
    0x08000e36   0x08000e36   0x00000002   PAD
    0x08000e38   0x08000e38   0x00000002   Code   RO          234    .text.HAL_CAN_TxMailbox1AbortCallback  stm32f4xx_hal_can.o
    0x08000e3a   0x08000e3a   0x00000002   PAD
    0x08000e3c   0x08000e3c   0x00000002   Code   RO          232    .text.HAL_CAN_TxMailbox1CompleteCallback  stm32f4xx_hal_can.o
    0x08000e3e   0x08000e3e   0x00000002   PAD
    0x08000e40   0x08000e40   0x00000002   Code   RO          238    .text.HAL_CAN_TxMailbox2AbortCallback  stm32f4xx_hal_can.o
    0x08000e42   0x08000e42   0x00000002   PAD
    0x08000e44   0x08000e44   0x00000002   Code   RO          236    .text.HAL_CAN_TxMailbox2CompleteCallback  stm32f4xx_hal_can.o
    0x08000e46   0x08000e46   0x00000002   PAD
    0x08000e48   0x08000e48   0x00000002   Code   RO          250    .text.HAL_CAN_WakeUpFromRxMsgCallback  stm32f4xx_hal_can.o
    0x08000e4a   0x08000e4a   0x00000002   PAD
    0x08000e4c   0x08000e4c   0x00000080   Code   RO          424    .text.HAL_DMA_Abort  stm32f4xx_hal_dma.o
    0x08000ecc   0x08000ecc   0x00000024   Code   RO          426    .text.HAL_DMA_Abort_IT  stm32f4xx_hal_dma.o
    0x08000ef0   0x08000ef0   0x0000018a   Code   RO          430    .text.HAL_DMA_IRQHandler  stm32f4xx_hal_dma.o
    0x0800107a   0x0800107a   0x00000002   PAD
    0x0800107c   0x0800107c   0x00000140   Code   RO          416    .text.HAL_DMA_Init  stm32f4xx_hal_dma.o
    0x080011bc   0x080011bc   0x0000009c   Code   RO          422    .text.HAL_DMA_Start_IT  stm32f4xx_hal_dma.o
    0x08001258   0x08001258   0x00000028   Code   RO          583    .text.HAL_Delay     stm32f4xx_hal.o
    0x08001280   0x08001280   0x0000002a   Code   RO         1175    .text.HAL_GPIO_EXTI_Callback  exti_irqhandler.o
    0x080012aa   0x080012aa   0x00000002   PAD
    0x080012ac   0x080012ac   0x0000001a   Code   RO          390    .text.HAL_GPIO_EXTI_IRQHandler  stm32f4xx_hal_gpio.o
    0x080012c6   0x080012c6   0x00000002   PAD
    0x080012c8   0x080012c8   0x000001a0   Code   RO          378    .text.HAL_GPIO_Init  stm32f4xx_hal_gpio.o
    0x08001468   0x08001468   0x0000000a   Code   RO          384    .text.HAL_GPIO_WritePin  stm32f4xx_hal_gpio.o
    0x08001472   0x08001472   0x00000002   PAD
    0x08001474   0x08001474   0x0000000c   Code   RO          575    .text.HAL_GetTick   stm32f4xx_hal.o
    0x08001480   0x08001480   0x0000001a   Code   RO          573    .text.HAL_IncTick   stm32f4xx_hal.o
    0x0800149a   0x0800149a   0x00000002   PAD
    0x0800149c   0x0800149c   0x00000036   Code   RO          563    .text.HAL_Init      stm32f4xx_hal.o
    0x080014d2   0x080014d2   0x00000002   PAD
    0x080014d4   0x080014d4   0x000000a4   Code   RO          173    .text.HAL_InitTick  stm32f4xx_hal_timebase_tim.o
    0x08001578   0x08001578   0x00000046   Code   RO          164    .text.HAL_MspInit   stm32f4xx_hal_msp.o
    0x080015be   0x080015be   0x00000002   PAD
    0x080015c0   0x080015c0   0x00000020   Code   RO          515    .text.HAL_NVIC_EnableIRQ  stm32f4xx_hal_cortex.o
    0x080015e0   0x080015e0   0x00000056   Code   RO          513    .text.HAL_NVIC_SetPriority  stm32f4xx_hal_cortex.o
    0x08001636   0x08001636   0x00000002   PAD
    0x08001638   0x08001638   0x00000020   Code   RO          511    .text.HAL_NVIC_SetPriorityGrouping  stm32f4xx_hal_cortex.o
    0x08001658   0x08001658   0x00000160   Code   RO          272    .text.HAL_RCC_ClockConfig  stm32f4xx_hal_rcc.o
    0x080017b8   0x080017b8   0x0000003e   Code   RO          290    .text.HAL_RCC_GetClockConfig  stm32f4xx_hal_rcc.o
    0x080017f6   0x080017f6   0x00000002   PAD
    0x080017f8   0x080017f8   0x00000026   Code   RO          284    .text.HAL_RCC_GetPCLK1Freq  stm32f4xx_hal_rcc.o
    0x0800181e   0x0800181e   0x00000002   PAD
    0x08001820   0x08001820   0x00000026   Code   RO          286    .text.HAL_RCC_GetPCLK2Freq  stm32f4xx_hal_rcc.o
    0x08001846   0x08001846   0x00000002   PAD
    0x08001848   0x08001848   0x00000068   Code   RO          274    .text.HAL_RCC_GetSysClockFreq  stm32f4xx_hal_rcc.o
    0x080018b0   0x080018b0   0x00000348   Code   RO          270    .text.HAL_RCC_OscConfig  stm32f4xx_hal_rcc.o
    0x08001bf8   0x08001bf8   0x00000002   Code   RO          959    .text.HAL_TIMEx_BreakCallback  stm32f4xx_hal_tim_ex.o
    0x08001bfa   0x08001bfa   0x00000002   PAD
    0x08001bfc   0x08001bfc   0x00000002   Code   RO          955    .text.HAL_TIMEx_CommutCallback  stm32f4xx_hal_tim_ex.o
    0x08001bfe   0x08001bfe   0x00000002   PAD
    0x08001c00   0x08001c00   0x000000b8   Code   RO          949    .text.HAL_TIMEx_MasterConfigSynchronization  stm32f4xx_hal_tim_ex.o
    0x08001cb8   0x08001cb8   0x0000005a   Code   RO          654    .text.HAL_TIM_Base_Init  stm32f4xx_hal_tim.o
    0x08001d12   0x08001d12   0x00000002   PAD
    0x08001d14   0x08001d14   0x00000042   Code   RO           94    .text.HAL_TIM_Base_MspInit  tim.o
    0x08001d56   0x08001d56   0x00000002   PAD
    0x08001d58   0x08001d58   0x000000a8   Code   RO          668    .text.HAL_TIM_Base_Start_IT  stm32f4xx_hal_tim.o
    0x08001e00   0x08001e00   0x0000019c   Code   RO          834    .text.HAL_TIM_ConfigClockSource  stm32f4xx_hal_tim.o
    0x08001f9c   0x08001f9c   0x00000002   Code   RO          790    .text.HAL_TIM_IC_CaptureCallback  stm32f4xx_hal_tim.o
    0x08001f9e   0x08001f9e   0x00000002   PAD
    0x08001fa0   0x08001fa0   0x00000146   Code   RO          788    .text.HAL_TIM_IRQHandler  stm32f4xx_hal_tim.o
    0x080020e6   0x080020e6   0x00000002   PAD
    0x080020e8   0x080020e8   0x00000002   Code   RO          792    .text.HAL_TIM_OC_DelayElapsedCallback  stm32f4xx_hal_tim.o
    0x080020ea   0x080020ea   0x00000002   PAD
    0x080020ec   0x080020ec   0x00000216   Code   RO          808    .text.HAL_TIM_PWM_ConfigChannel  stm32f4xx_hal_tim.o
    0x08002302   0x08002302   0x00000002   PAD
    0x08002304   0x08002304   0x0000005a   Code   RO          708    .text.HAL_TIM_PWM_Init  stm32f4xx_hal_tim.o
    0x0800235e   0x0800235e   0x00000002   PAD
    0x08002360   0x08002360   0x00000036   Code   RO           96    .text.HAL_TIM_PWM_MspInit  tim.o
    0x08002396   0x08002396   0x00000002   PAD
    0x08002398   0x08002398   0x00000002   Code   RO          794    .text.HAL_TIM_PWM_PulseFinishedCallback  stm32f4xx_hal_tim.o
    0x0800239a   0x0800239a   0x00000002   PAD
    0x0800239c   0x0800239c   0x0000012e   Code   RO          716    .text.HAL_TIM_PWM_Start  stm32f4xx_hal_tim.o
    0x080024ca   0x080024ca   0x00000002   PAD
    0x080024cc   0x080024cc   0x0000001c   Code   RO           17    .text.HAL_TIM_PeriodElapsedCallback  main.o
    0x080024e8   0x080024e8   0x00000002   Code   RO          798    .text.HAL_TIM_TriggerCallback  stm32f4xx_hal_tim.o
    0x080024ea   0x080024ea   0x00000002   PAD
    0x080024ec   0x080024ec   0x0000005c   Code   RO         1021    .text.HAL_UARTEx_ReceiveToIdle_DMA  stm32f4xx_hal_uart.o
    0x08002548   0x08002548   0x00000062   Code   RO         1196    .text.HAL_UARTEx_RxEventCallback  uart_irqhandler.o
    0x080025aa   0x080025aa   0x00000002   PAD
    0x080025ac   0x080025ac   0x00000002   Code   RO         1057    .text.HAL_UART_ErrorCallback  stm32f4xx_hal_uart.o
    0x080025ae   0x080025ae   0x00000002   PAD
    0x080025b0   0x080025b0   0x0000030e   Code   RO         1051    .text.HAL_UART_IRQHandler  stm32f4xx_hal_uart.o
    0x080028be   0x080028be   0x00000002   PAD
    0x080028c0   0x080028c0   0x00000060   Code   RO          973    .text.HAL_UART_Init  stm32f4xx_hal_uart.o
    0x08002920   0x08002920   0x00000124   Code   RO          114    .text.HAL_UART_MspInit  usart.o
    0x08002a44   0x08002a44   0x00000002   Code   RO         1065    .text.HAL_UART_RxCpltCallback  stm32f4xx_hal_uart.o
    0x08002a46   0x08002a46   0x00000002   PAD
    0x08002a48   0x08002a48   0x00000002   Code   RO         1067    .text.HAL_UART_RxHalfCpltCallback  stm32f4xx_hal_uart.o
    0x08002a4a   0x08002a4a   0x00000002   PAD
    0x08002a4c   0x08002a4c   0x00000002   Code   RO         1061    .text.HAL_UART_TxCpltCallback  stm32f4xx_hal_uart.o
    0x08002a4e   0x08002a4e   0x00000002   PAD
    0x08002a50   0x08002a50   0x00000002   Code   RO          131    .text.HardFault_Handler  stm32f4xx_it.o
    0x08002a52   0x08002a52   0x00000002   PAD
    0x08002a54   0x08002a54   0x0000005a   Code   RO         1142    .text.Led_Task      myostask.o
    0x08002aae   0x08002aae   0x00000002   PAD
    0x08002ab0   0x08002ab0   0x000000a8   Code   RO           64    .text.MX_CAN1_Init  can.o
    0x08002b58   0x08002b58   0x00000046   Code   RO           79    .text.MX_DMA_Init   dma.o
    0x08002b9e   0x08002b9e   0x00000002   PAD
    0x08002ba0   0x08002ba0   0x00000084   Code   RO           37    .text.MX_FREERTOS_Init  freertos.o
    0x08002c24   0x08002c24   0x000000ac   Code   RO           28    .text.MX_GPIO_Init  gpio.o
    0x08002cd0   0x08002cd0   0x0000008c   Code   RO           88    .text.MX_TIM2_Init  tim.o
    0x08002d5c   0x08002d5c   0x000000fe   Code   RO           90    .text.MX_TIM3_Init  tim.o
    0x08002e5a   0x08002e5a   0x00000002   PAD
    0x08002e5c   0x08002e5c   0x00000038   Code   RO          112    .text.MX_USART1_UART_Init  usart.o
    0x08002e94   0x08002e94   0x00000002   Code   RO          133    .text.MemManage_Handler  stm32f4xx_it.o
    0x08002e96   0x08002e96   0x00000002   PAD
    0x08002e98   0x08002e98   0x00000002   Code   RO          129    .text.NMI_Handler   stm32f4xx_it.o
    0x08002e9a   0x08002e9a   0x00000002   PAD
    0x08002e9c   0x08002e9c   0x0000003c   Code   RO         1146    .text.Noise_Task    myostask.o
    0x08002ed8   0x08002ed8   0x00000008   PAD
    0x08002ee0   0x08002ee0   0x00000064   Code   RO         1806    .text.PendSV_Handler  port.o
    0x08002f44   0x08002f44   0x0000000c   PAD
    0x08002f50   0x08002f50   0x00000024   Code   RO         1790    .text.SVC_Handler   port.o
    0x08002f74   0x08002f74   0x000000b0   Code   RO         1148    .text.Send_Data     myostask.o
    0x08003024   0x08003024   0x0000001a   Code   RO         1595    .text.SysTick_Handler  cmsis_os2.o
    0x0800303e   0x0800303e   0x00000002   PAD
    0x08003040   0x08003040   0x000000aa   Code   RO           13    .text.SystemClock_Config  main.o
    0x080030ea   0x080030ea   0x00000002   PAD
    0x080030ec   0x080030ec   0x00000012   Code   RO         1095    .text.SystemInit    system_stm32f4xx.o
    0x080030fe   0x080030fe   0x00000002   PAD
    0x08003100   0x08003100   0x00000010   Code   RO          145    .text.TIM1_UP_TIM10_IRQHandler  stm32f4xx_it.o
    0x08003110   0x08003110   0x00000010   Code   RO          147    .text.TIM2_IRQHandler  stm32f4xx_it.o
    0x08003120   0x08003120   0x0000012c   Code   RO          658    .text.TIM_Base_SetConfig  stm32f4xx_hal_tim.o
    0x0800324c   0x0800324c   0x00000002   Code   RO         1186    .text.TIM_PeriodElapsedCallback  tim_irqhandler.o
    0x0800324e   0x0800324e   0x00000002   PAD
    0x08003250   0x08003250   0x0000000e   Code   RO         1055    .text.UART_DMAAbortOnError  stm32f4xx_hal_uart.o
    0x0800325e   0x0800325e   0x00000002   PAD
    0x08003260   0x08003260   0x000000a8   Code   RO         1005    .text.UART_DMAError  stm32f4xx_hal_uart.o
    0x08003308   0x08003308   0x00000084   Code   RO         1083    .text.UART_DMAReceiveCplt  stm32f4xx_hal_uart.o
    0x0800338c   0x0800338c   0x0000001e   Code   RO         1085    .text.UART_DMARxHalfCplt  stm32f4xx_hal_uart.o
    0x080033aa   0x080033aa   0x00000002   PAD
    0x080033ac   0x080033ac   0x000000c8   Code   RO         1053    .text.UART_Receive_IT  stm32f4xx_hal_uart.o
    0x08003474   0x08003474   0x000000de   Code   RO          977    .text.UART_SetConfig  stm32f4xx_hal_uart.o
    0x08003552   0x08003552   0x00000002   PAD
    0x08003554   0x08003554   0x0000001a   Code   RO         1194    .text.UART_Start_Receive  uart_irqhandler.o
    0x0800356e   0x0800356e   0x00000002   PAD
    0x08003570   0x08003570   0x000000aa   Code   RO         1009    .text.UART_Start_Receive_DMA  stm32f4xx_hal_uart.o
    0x0800361a   0x0800361a   0x00000002   PAD
    0x0800361c   0x0800361c   0x00000010   Code   RO          149    .text.USART1_IRQHandler  stm32f4xx_it.o
    0x0800362c   0x0800362c   0x00000002   Code   RO          137    .text.UsageFault_Handler  stm32f4xx_it.o
    0x0800362e   0x0800362e   0x00000002   PAD
    0x08003630   0x08003630   0x0000003a   Code   RO           11    .text.main          main.o
    0x0800366a   0x0800366a   0x00000002   PAD
    0x0800366c   0x0800366c   0x00000020   Code   RO         1655    .text.osDelay       cmsis_os2.o
    0x0800368c   0x0800368c   0x00000014   Code   RO         1611    .text.osKernelGetTickCount  cmsis_os2.o
    0x080036a0   0x080036a0   0x00000028   Code   RO         1597    .text.osKernelInitialize  cmsis_os2.o
    0x080036c8   0x080036c8   0x0000003c   Code   RO         1603    .text.osKernelStart  cmsis_os2.o
    0x08003704   0x08003704   0x000000b8   Code   RO         1619    .text.osThreadNew   cmsis_os2.o
    0x080037bc   0x080037bc   0x00000080   Code   RO         1413    .text.prvAddCurrentTaskToDelayedList  tasks.o
    0x0800383c   0x0800383c   0x0000011c   Code   RO         1403    .text.prvAddNewTaskToReadyList  tasks.o
    0x08003958   0x08003958   0x0000007c   Code   RO         1540    .text.prvCheckForValidListAndQueue  timers.o
    0x080039d4   0x080039d4   0x00000096   Code   RO         1437    .text.prvIdleTask   tasks.o
    0x08003a6a   0x08003a6a   0x00000002   PAD
    0x08003a6c   0x08003a6c   0x00000028   Code   RO         1798    .text.prvPortStartFirstTask  port.o
    0x08003a94   0x08003a94   0x000000ea   Code   RO         1576    .text.prvSampleTimeNow  timers.o
    0x08003b7e   0x08003b7e   0x00000002   PAD
    0x08003b80   0x08003b80   0x00000032   Code   RO         1788    .text.prvTaskExitError  port.o
    0x08003bb2   0x08003bb2   0x00000002   PAD
    0x08003bb4   0x08003bb4   0x000002b6   Code   RO         1542    .text.prvTimerTask  timers.o
    0x08003e6a   0x08003e6a   0x00000002   PAD
    0x08003e6c   0x08003e6c   0x00000072   Code   RO         1302    .text.prvUnlockQueue  queue.o
    0x08003ede   0x08003ede   0x00000002   PAD
    0x08003ee0   0x08003ee0   0x000001c6   Code   RO         1758    .text.pvPortMalloc  heap_4.o
    0x080040a6   0x080040a6   0x00000002   PAD
    0x080040a8   0x080040a8   0x00000028   Code   RO         1786    .text.pxPortInitialiseStack  port.o
    0x080040d0   0x080040d0   0x00000024   Code   RO         1266    .text.uxListRemove  list.o
    0x080040f4   0x080040f4   0x0000002c   Code   RO         1479    .text.uxTaskGetStackHighWaterMark  tasks.o
    0x08004120   0x08004120   0x0000001a   Code   RO         1741    .text.vApplicationGetIdleTaskMemory  cmsis_os2.o
    0x0800413a   0x0800413a   0x00000002   PAD
    0x0800413c   0x0800413c   0x0000001c   Code   RO         1743    .text.vApplicationGetTimerTaskMemory  cmsis_os2.o
    0x08004158   0x08004158   0x00000016   Code   RO         1258    .text.vListInitialise  list.o
    0x0800416e   0x0800416e   0x00000002   PAD
    0x08004170   0x08004170   0x00000006   Code   RO         1260    .text.vListInitialiseItem  list.o
    0x08004176   0x08004176   0x00000002   PAD
    0x08004178   0x08004178   0x0000003a   Code   RO         1264    .text.vListInsert   list.o
    0x080041b2   0x080041b2   0x00000002   PAD
    0x080041b4   0x080041b4   0x0000001c   Code   RO         1262    .text.vListInsertEnd  list.o
    0x080041d0   0x080041d0   0x00000014   Code   RO         1796    .text.vPortEnableVFP  port.o
    0x080041e4   0x080041e4   0x00000046   Code   RO         1802    .text.vPortEnterCritical  port.o
    0x0800422a   0x0800422a   0x00000002   PAD
    0x0800422c   0x0800422c   0x0000002e   Code   RO         1804    .text.vPortExitCritical  port.o
    0x0800425a   0x0800425a   0x00000002   PAD
    0x0800425c   0x0800425c   0x000000d0   Code   RO         1760    .text.vPortFree     heap_4.o
    0x0800432c   0x0800432c   0x00000034   Code   RO         1794    .text.vPortSetupTimerInterrupt  port.o
    0x08004360   0x08004360   0x00000062   Code   RO         1810    .text.vPortValidateInterruptPriority  port.o
    0x080043c2   0x080043c2   0x00000002   PAD
    0x080043c4   0x080043c4   0x00000028   Code   RO         1336    .text.vQueueAddToRegistry  queue.o
    0x080043ec   0x080043ec   0x00000044   Code   RO         1340    .text.vQueueWaitForMessageRestricted  queue.o
    0x08004430   0x08004430   0x000000a6   Code   RO         1417    .text.vTaskDelay    tasks.o
    0x080044d6   0x080044d6   0x00000002   PAD
    0x080044d8   0x080044d8   0x000000ee   Code   RO         1409    .text.vTaskDelayUntil  tasks.o
    0x080045c6   0x080045c6   0x00000002   PAD
    0x080045c8   0x080045c8   0x0000001a   Code   RO         1467    .text.vTaskInternalSetTimeOutState  tasks.o
    0x080045e2   0x080045e2   0x00000002   PAD
    0x080045e4   0x080045e4   0x0000000e   Code   RO         1471    .text.vTaskMissedYield  tasks.o
    0x080045f2   0x080045f2   0x00000002   PAD
    0x080045f4   0x080045f4   0x00000032   Code   RO         1455    .text.vTaskPlaceOnEventList  tasks.o
    0x08004626   0x08004626   0x00000002   PAD
    0x08004628   0x08004628   0x0000003e   Code   RO         1459    .text.vTaskPlaceOnEventListRestricted  tasks.o
    0x08004666   0x08004666   0x00000002   PAD
    0x08004668   0x08004668   0x000000a4   Code   RO         1435    .text.vTaskStartScheduler  tasks.o
    0x0800470c   0x0800470c   0x00000010   Code   RO         1411    .text.vTaskSuspendAll  tasks.o
    0x0800471c   0x0800471c   0x0000009a   Code   RO         1429    .text.vTaskSwitchContext  tasks.o
    0x080047b6   0x080047b6   0x00000002   PAD
    0x080047b8   0x080047b8   0x0000012e   Code   RO         1792    .text.xPortStartScheduler  port.o
    0x080048e6   0x080048e6   0x00000002   PAD
    0x080048e8   0x080048e8   0x0000002e   Code   RO         1808    .text.xPortSysTickHandler  port.o
    0x08004916   0x08004916   0x00000002   PAD
    0x08004918   0x08004918   0x000000da   Code   RO         1278    .text.xQueueGenericCreateStatic  queue.o
    0x080049f2   0x080049f2   0x00000002   PAD
    0x080049f4   0x080049f4   0x00000212   Code   RO         1292    .text.xQueueGenericSend  queue.o
    0x08004c06   0x08004c06   0x00000002   PAD
    0x08004c08   0x08004c08   0x000001a8   Code   RO         1308    .text.xQueueReceive  queue.o
    0x08004db0   0x08004db0   0x0000008e   Code   RO         1469    .text.xTaskCheckForTimeOut  tasks.o
    0x08004e3e   0x08004e3e   0x00000002   PAD
    0x08004e40   0x08004e40   0x000000dc   Code   RO         1405    .text.xTaskCreate   tasks.o
    0x08004f1c   0x08004f1c   0x000000e8   Code   RO         1401    .text.xTaskCreateStatic  tasks.o
    0x08005004   0x08005004   0x00000026   Code   RO         1483    .text.xTaskGetSchedulerState  tasks.o
    0x0800502a   0x0800502a   0x00000002   PAD
    0x0800502c   0x0800502c   0x0000000c   Code   RO         1443    .text.xTaskGetTickCount  tasks.o
    0x08005038   0x08005038   0x00000012   Code   RO         1445    .text.xTaskGetTickCountFromISR  tasks.o
    0x0800504a   0x0800504a   0x00000002   PAD
    0x0800504c   0x0800504c   0x0000016e   Code   RO         1441    .text.xTaskIncrementTick  tasks.o
    0x080051ba   0x080051ba   0x00000002   PAD
    0x080051bc   0x080051bc   0x00000092   Code   RO         1487    .text.xTaskPriorityDisinherit  tasks.o
    0x0800524e   0x0800524e   0x00000002   PAD
    0x08005250   0x08005250   0x0000008e   Code   RO         1461    .text.xTaskRemoveFromEventList  tasks.o
    0x080052de   0x080052de   0x00000002   PAD
    0x080052e0   0x080052e0   0x00000138   Code   RO         1415    .text.xTaskResumeAll  tasks.o
    0x08005418   0x08005418   0x00000074   Code   RO         1538    .text.xTimerCreateTimerTask  timers.o
    0x0800548c   0x0800548c   0x0000001a   Code   RO         1953    x$fpl$fpinit        fz_wm.l(fpinit.o)
    0x080054a6   0x080054a6   0x00000010   Data   RO         1100    .rodata.AHBPrescTable  system_stm32f4xx.o
    0x080054b6   0x080054b6   0x00000008   Data   RO         1101    .rodata.APBPrescTable  system_stm32f4xx.o
    0x080054be   0x080054be   0x00000002   PAD
    0x080054c0   0x080054c0   0x00000024   Data   RO           49    .rodata.Buzzer_Task_attributes  freertos.o
    0x080054e4   0x080054e4   0x00000024   Data   RO           48    .rodata.LED_Task_attributes  freertos.o
    0x08005508   0x08005508   0x00000024   Data   RO           51    .rodata.NOISE_TASK_attributes  freertos.o
    0x0800552c   0x0800552c   0x00000024   Data   RO           50    .rodata.SEND_DATA_attributes  freertos.o
    0x08005550   0x08005550   0x00000008   Data   RO          440    .rodata.cst8        stm32f4xx_hal_dma.o
    0x08005558   0x08005558   0x0000002a   Data   RO           47    .rodata.str1.1      freertos.o
    0x08005582   0x08005582   0x00000002   PAD
    0x08005584   0x08005584   0x00000020   Data   RO         2014    Region$$Table       anon$$obj.o


    Execution Region RW_IRAM1 (Exec base: 0x20000000, Load base: 0x080055a8, Size: 0x00005868, Max: 0x0001c000, ABSOLUTE)

    Exec Addr    Load Addr    Size         Type   Attr      Idx    E Section Name        Object

    0x20000000   0x080055a8   0x00000002   Data   RW         1164    .data.BREATH_PERIOD  led_breath.o
    0x20000002   0x080055aa   0x00000002   PAD
    0x20000004   0x080055ac   0x00000004   Data   RW         1099    .data.SystemCoreClock  system_stm32f4xx.o
    0x20000008   0x080055b0   0x00000001   Data   RW          618    .data.uwTickFreq    stm32f4xx_hal.o
    0x20000009   0x080055b1   0x00000003   PAD
    0x2000000c   0x080055b4   0x00000004   Data   RW          617    .data.uwTickPrio    stm32f4xx_hal.o
    0x20000010   0x080055b8   0x00000004   Data   RW         1814    .data.uxCriticalNesting  port.o
    0x20000014   0x080055bc   0x00000004   PAD
    0x20000018        -       0x00000060   Zero   RW         1879    .bss                c_w.l(libspace.o)
    0x20000078        -       0x00000001   Zero   RW         1165    .bss.BREATH_STATE   led_breath.o
    0x20000079        -       0x00000001   Zero   RW         1200    .bss.Beef_count     uart_irqhandler.o
    0x2000007a   0x080055bc   0x00000002   PAD
    0x2000007c        -       0x00000004   Zero   RW           53    .bss.Buzzer_TaskHandle  freertos.o
    0x20000080        -       0x00000001   Zero   RW         1212    .bss.CAN_State      can_irqhandler.o
    0x20000081   0x080055bc   0x00000003   PAD
    0x20000084        -       0x00000004   Zero   RW         1745    .bss.KernelState    cmsis_os2.o
    0x20000088        -       0x00000001   Zero   RW         1177    .bss.Key_PressPending  exti_irqhandler.o
    0x20000089   0x080055bc   0x00000003   PAD
    0x2000008c        -       0x00000004   Zero   RW         1178    .bss.Key_PressTick  exti_irqhandler.o
    0x20000090        -       0x00000004   Zero   RW           52    .bss.LED_TaskHandle  freertos.o
    0x20000094        -       0x00000004   Zero   RW         1150    .bss.LedTaskStackHighWaterMark  myostask.o
    0x20000098        -       0x00000004   Zero   RW           55    .bss.NOISE_TASKHandle  freertos.o
    0x2000009c        -       0x00000004   Zero   RW           54    .bss.SEND_DATAHandle  freertos.o
    0x200000a0        -       0x00000002   Zero   RW         1151    .bss.Send_Data.breath_count  myostask.o
    0x200000a2        -       0x00000001   Zero   RW         1213    .bss.Send_State     can_irqhandler.o
    0x200000a3   0x080055bc   0x00000001   PAD
    0x200000a4        -       0x00000028   Zero   RW           70    .bss.hcan1          can.o
    0x200000cc        -       0x00000060   Zero   RW          119    .bss.hdma_usart1_rx  usart.o
    0x2000012c        -       0x00000060   Zero   RW          120    .bss.hdma_usart1_tx  usart.o
    0x2000018c        -       0x00000048   Zero   RW          179    .bss.htim1          stm32f4xx_hal_timebase_tim.o
    0x200001d4        -       0x00000048   Zero   RW          102    .bss.htim2          tim.o
    0x2000021c        -       0x00000048   Zero   RW          103    .bss.htim3          tim.o
    0x20000264        -       0x00000048   Zero   RW          118    .bss.huart1         usart.o
    0x200002ac        -       0x000000a0   Zero   RW         1586    .bss.prvCheckForValidListAndQueue.ucStaticTimerQueueStorage  timers.o
    0x2000034c        -       0x00000050   Zero   RW         1585    .bss.prvCheckForValidListAndQueue.xStaticTimerQueue  timers.o
    0x2000039c        -       0x00000004   Zero   RW         1582    .bss.prvSampleTimeNow.xLastTime  timers.o
    0x200003a0        -       0x00000004   Zero   RW         1509    .bss.pxCurrentTCB   tasks.o
    0x200003a4        -       0x00000004   Zero   RW         1580    .bss.pxCurrentTimerList  timers.o
    0x200003a8        -       0x00000004   Zero   RW         1517    .bss.pxDelayedTaskList  tasks.o
    0x200003ac        -       0x00000004   Zero   RW         1770    .bss.pxEnd          heap_4.o
    0x200003b0        -       0x00000004   Zero   RW         1518    .bss.pxOverflowDelayedTaskList  tasks.o
    0x200003b4        -       0x00000004   Zero   RW         1581    .bss.pxOverflowTimerList  timers.o
    0x200003b8        -       0x00000460   Zero   RW         1520    .bss.pxReadyTasksLists  tasks.o
    0x20000818        -       0x00000064   Zero   RW         1198    .bss.rx_buffer      uart_irqhandler.o
    0x2000087c        -       0x00000001   Zero   RW         1167    .bss.s_dir          led_breath.o
    0x2000087d   0x080055bc   0x00000001   PAD
    0x2000087e        -       0x00000002   Zero   RW         1166    .bss.s_duty         led_breath.o
    0x20000880        -       0x00003c00   Zero   RW         1777    .bss.ucHeap         heap_4.o
    0x20004480        -       0x00000001   Zero   RW         1812    .bss.ucMaxSysCallPriority  port.o
    0x20004481   0x080055bc   0x00000003   PAD
    0x20004484        -       0x00000004   Zero   RW         1813    .bss.ulMaxPRIGROUPValue  port.o
    0x20004488        -       0x00000004   Zero   RW          619    .bss.uwTick         stm32f4xx_hal.o
    0x2000448c        -       0x00000004   Zero   RW         1513    .bss.uxCurrentNumberOfTasks  tasks.o
    0x20004490        -       0x00000004   Zero   RW         1512    .bss.uxDeletedTasksWaitingCleanUp  tasks.o
    0x20004494        -       0x00000004   Zero   RW         1515    .bss.uxSchedulerSuspended  tasks.o
    0x20004498        -       0x00000004   Zero   RW         1510    .bss.uxTaskNumber   tasks.o
    0x2000449c        -       0x00000004   Zero   RW         1521    .bss.uxTopReadyPriority  tasks.o
    0x200044a0        -       0x00000200   Zero   RW         1747    .bss.vApplicationGetIdleTaskMemory.Idle_Stack  cmsis_os2.o
    0x200046a0        -       0x0000005c   Zero   RW         1746    .bss.vApplicationGetIdleTaskMemory.Idle_TCB  cmsis_os2.o
    0x200046fc        -       0x00000400   Zero   RW         1749    .bss.vApplicationGetTimerTaskMemory.Timer_Stack  cmsis_os2.o
    0x20004afc        -       0x0000005c   Zero   RW         1748    .bss.vApplicationGetTimerTaskMemory.Timer_TCB  cmsis_os2.o
    0x20004b58        -       0x00000014   Zero   RW         1583    .bss.xActiveTimerList1  timers.o
    0x20004b6c        -       0x00000014   Zero   RW         1584    .bss.xActiveTimerList2  timers.o
    0x20004b80        -       0x00000001   Zero   RW         1771    .bss.xBlockAllocatedBit  heap_4.o
    0x20004b81   0x080055bc   0x00000003   PAD
    0x20004b84        -       0x00000014   Zero   RW         1528    .bss.xDelayedTaskList1  tasks.o
    0x20004b98        -       0x00000014   Zero   RW         1529    .bss.xDelayedTaskList2  tasks.o
    0x20004bac        -       0x00000004   Zero   RW         1772    .bss.xFreeBytesRemaining  heap_4.o
    0x20004bb0        -       0x00000004   Zero   RW         1523    .bss.xIdleTaskHandle  tasks.o
    0x20004bb4        -       0x00000004   Zero   RW         1774    .bss.xMinimumEverFreeBytesRemaining  heap_4.o
    0x20004bb8        -       0x00000004   Zero   RW         1524    .bss.xNextTaskUnblockTime  tasks.o
    0x20004bbc        -       0x00000004   Zero   RW         1527    .bss.xNumOfOverflows  tasks.o
    0x20004bc0        -       0x00000004   Zero   RW         1775    .bss.xNumberOfSuccessfulAllocations  heap_4.o
    0x20004bc4        -       0x00000004   Zero   RW         1776    .bss.xNumberOfSuccessfulFrees  heap_4.o
    0x20004bc8        -       0x00000004   Zero   RW         1526    .bss.xPendedTicks   tasks.o
    0x20004bcc        -       0x00000014   Zero   RW         1522    .bss.xPendingReadyList  tasks.o
    0x20004be0        -       0x00000040   Zero   RW         1342    .bss.xQueueRegistry  queue.o
    0x20004c20        -       0x00000004   Zero   RW         1514    .bss.xSchedulerRunning  tasks.o
    0x20004c24        -       0x00000008   Zero   RW         1773    .bss.xStart         heap_4.o
    0x20004c2c        -       0x00000014   Zero   RW         1519    .bss.xSuspendedTaskList  tasks.o
    0x20004c40        -       0x00000014   Zero   RW         1511    .bss.xTasksWaitingTermination  tasks.o
    0x20004c54        -       0x00000004   Zero   RW         1516    .bss.xTickCount     tasks.o
    0x20004c58        -       0x00000004   Zero   RW         1578    .bss.xTimerQueue    timers.o
    0x20004c5c        -       0x00000004   Zero   RW         1579    .bss.xTimerTaskHandle  timers.o
    0x20004c60        -       0x00000004   Zero   RW         1525    .bss.xYieldPending  tasks.o
    0x20004c64   0x080055bc   0x00000004   PAD
    0x20004c68        -       0x00000800   Zero   RW            2    HEAP                startup_stm32f405xx.o
    0x20005468        -       0x00000400   Zero   RW            1    STACK               startup_stm32f405xx.o


    Execution Region RW_IRAM2 (Exec base: 0x2001c000, Load base: 0x080055c0, Size: 0x00000000, Max: 0x00004000, ABSOLUTE)

    **** No section assigned to this execution region ****


==============================================================================

Image component sizes


      Code (inc. data)   RO Data    RW Data    ZI Data      Debug   Object Name

       110          0          0          0          0       1352   beep.o
       316          0          0          0         40       6303   can.o
       180          0          0          0          2       3063   can_irqhandler.o
       416          0          0          0       1724      43035   cmsis_os2.o
        70          0          0          0          0       3227   dma.o
        42          0          0          0          5        759   exti_irqhandler.o
       132          0        186          0         16       3403   freertos.o
       172          0          0          0          0       3909   gpio.o
       662          0          0          0      15389       4954   heap_4.o
       122          0          0          2          4        843   led_breath.o
       150          0          0          0          0       2197   list.o
       262          0          0          0          0       6150   main.o
       358          4          0          0          6       3434   myostask.o
       900         16          0          4          5       3953   port.o
      1394          0          0          0         64      25144   queue.o
        64         26        392          0       3072        820   startup_stm32f405xx.o
       132          0          0          5          4       7211   stm32f4xx_hal.o
      1626          6          0          0          0      13485   stm32f4xx_hal_can.o
       150          0          0          0          0      10760   stm32f4xx_hal_cortex.o
      1034          4          8          0          0       9647   stm32f4xx_hal_dma.o
       452          0          0          0          0       5146   stm32f4xx_hal_gpio.o
        70          0          0          0          0       3288   stm32f4xx_hal_msp.o
      1434          0          0          0          0       7324   stm32f4xx_hal_rcc.o
      2230          4          0          0          0      55114   stm32f4xx_hal_tim.o
       188          0          0          0          0      21461   stm32f4xx_hal_tim_ex.o
       164          0          0          0         72       7098   stm32f4xx_hal_timebase_tim.o
      1914          0          0          0          0      26096   stm32f4xx_hal_uart.o
       136          0          0          0          0       3139   stm32f4xx_it.o
        18          0         24          4          0       2545   system_stm32f4xx.o
      3124          8          0          0       1280      37006   tasks.o
       514          0          0          0        144       8790   tim.o
         2          0          0          0          0       3584   tim_irqhandler.o
      1168         26          0          0        300      16740   timers.o
       124          0          0          0        101       3809   uart_irqhandler.o
       348          0          0          0        264       6875   usart.o

    ----------------------------------------------------------------------
     20396        106        646         20      22516     361664   Object Totals
         0          0         32          0          0          0   (incl. Generated)
       218         12          4          5         24          0   (incl. Padding)

    ----------------------------------------------------------------------

      Code (inc. data)   RO Data    RW Data    ZI Data      Debug   Library Member Name

         8          0          0          0          0         68   __main.o
         0          0          0          0          0          0   __rtentry.o
        12          0          0          0          0          0   __rtentry2.o
         6          0          0          0          0          0   __rtentry4.o
        52          8          0          0          0          0   __scatter.o
        26          0          0          0          0          0   __scatter_copy.o
        28          0          0          0          0          0   __scatter_zi.o
        16          0          0          0          0         68   aeabi_memset4.o
        18          0          0          0          0         80   exit.o
         6          0          0          0          0        152   heapauxi.o
         0          0          0          0          0          0   indicate_semi.o
         2          0          0          0          0          0   libinit.o
         6          0          0          0          0          0   libinit2.o
         2          0          0          0          0          0   libshutdown.o
         2          0          0          0          0          0   libshutdown2.o
         8          4          0          0         96         68   libspace.o
       240          0          0          0          0        100   lludivv7m.o
        78          0          0          0          0         80   rt_memclr_w.o
       138          0          0          0          0         68   rt_memcpy_v6.o
       100          0          0          0          0         80   rt_memcpy_w.o
         2          0          0          0          0          0   rtexit.o
        10          0          0          0          0          0   rtexit2.o
        12          4          0          0          0         68   sys_exit.o
        74          0          0          0          0         80   sys_stackheap_outer.o
         2          0          0          0          0         68   use_no_semi.o
        26          0          0          0          0        116   fpinit.o

    ----------------------------------------------------------------------
       882         16          0          0         96       1096   Library Totals
         8          0          0          0          0          0   (incl. Padding)

    ----------------------------------------------------------------------

      Code (inc. data)   RO Data    RW Data    ZI Data      Debug   Library Name

       848         16          0          0         96        980   c_w.l
        26          0          0          0          0        116   fz_wm.l

    ----------------------------------------------------------------------
       882         16          0          0         96       1096   Library Totals

    ----------------------------------------------------------------------

==============================================================================


      Code (inc. data)   RO Data    RW Data    ZI Data      Debug   

     21278        122        646         20      22612     361684   Grand Totals
     21278        122        646         20      22612     361684   ELF Image Totals
     21278        122        646         20          0          0   ROM Totals

==============================================================================

    Total RO  Size (Code + RO Data)                21924 (  21.41kB)
    Total RW  Size (RW Data + ZI Data)             22632 (  22.10kB)
    Total ROM Size (Code + RO Data + RW Data)      21944 (  21.43kB)

==============================================================================

